Component: ARM Compiler 5.06 update 6 (build 750) Tool: armlink [4d35ed]

==============================================================================

Section Cross References

    startup_stm32f103xe.o(RESET) refers to startup_stm32f103xe.o(STACK) for __initial_sp
    startup_stm32f103xe.o(RESET) refers to startup_stm32f103xe.o(.text) for Reset_Handler
    startup_stm32f103xe.o(RESET) refers to stm32f1xx_it.o(i.NMI_Handler) for NMI_Handler
    startup_stm32f103xe.o(RESET) refers to stm32f1xx_it.o(i.HardFault_Handler) for HardFault_Handler
    startup_stm32f103xe.o(RESET) refers to stm32f1xx_it.o(i.MemManage_Handler) for MemManage_Handler
    startup_stm32f103xe.o(RESET) refers to stm32f1xx_it.o(i.BusFault_Handler) for BusFault_Handler
    startup_stm32f103xe.o(RESET) refers to stm32f1xx_it.o(i.UsageFault_Handler) for UsageFault_Handler
    startup_stm32f103xe.o(RESET) refers to stm32f1xx_it.o(i.SVC_Handler) for SVC_Handler
    startup_stm32f103xe.o(RESET) refers to stm32f1xx_it.o(i.DebugMon_Handler) for DebugMon_Handler
    startup_stm32f103xe.o(RESET) refers to stm32f1xx_it.o(i.PendSV_Handler) for PendSV_Handler
    startup_stm32f103xe.o(RESET) refers to stm32f1xx_it.o(i.SysTick_Handler) for SysTick_Handler
    startup_stm32f103xe.o(RESET) refers to stm32f1xx_it.o(i.DMA1_Channel1_IRQHandler) for DMA1_Channel1_IRQHandler
    startup_stm32f103xe.o(RESET) refers to stm32f1xx_it.o(i.DMA1_Channel3_IRQHandler) for DMA1_Channel3_IRQHandler
    startup_stm32f103xe.o(RESET) refers to stm32f1xx_it.o(i.DMA1_Channel5_IRQHandler) for DMA1_Channel5_IRQHandler
    startup_stm32f103xe.o(RESET) refers to stm32f1xx_it.o(i.DMA1_Channel6_IRQHandler) for DMA1_Channel6_IRQHandler
    startup_stm32f103xe.o(RESET) refers to stm32f1xx_it.o(i.ADC1_2_IRQHandler) for ADC1_2_IRQHandler
    startup_stm32f103xe.o(RESET) refers to stm32f1xx_it.o(i.TIM3_IRQHandler) for TIM3_IRQHandler
    startup_stm32f103xe.o(RESET) refers to stm32f1xx_it.o(i.TIM4_IRQHandler) for TIM4_IRQHandler
    startup_stm32f103xe.o(RESET) refers to stm32f1xx_it.o(i.SPI1_IRQHandler) for SPI1_IRQHandler
    startup_stm32f103xe.o(RESET) refers to stm32f1xx_it.o(i.USART1_IRQHandler) for USART1_IRQHandler
    startup_stm32f103xe.o(RESET) refers to stm32f1xx_it.o(i.USART2_IRQHandler) for USART2_IRQHandler
    startup_stm32f103xe.o(RESET) refers to stm32f1xx_it.o(i.USART3_IRQHandler) for USART3_IRQHandler
    startup_stm32f103xe.o(RESET) refers to stm32f1xx_it.o(i.TIM5_IRQHandler) for TIM5_IRQHandler
    startup_stm32f103xe.o(.text) refers to system_stm32f1xx.o(i.SystemInit) for SystemInit
    startup_stm32f103xe.o(.text) refers to entry.o(.ARM.Collect$$$$00000000) for __main
    spi.o(i.HAL_SPI_MspDeInit) refers to stm32f1xx_hal_gpio.o(i.HAL_GPIO_DeInit) for HAL_GPIO_DeInit
    spi.o(i.HAL_SPI_MspDeInit) refers to stm32f1xx_hal_cortex.o(i.HAL_NVIC_DisableIRQ) for HAL_NVIC_DisableIRQ
    spi.o(i.HAL_SPI_MspInit) refers to stm32f1xx_hal_gpio.o(i.HAL_GPIO_Init) for HAL_GPIO_Init
    spi.o(i.HAL_SPI_MspInit) refers to stm32f1xx_hal_cortex.o(i.HAL_NVIC_SetPriority) for HAL_NVIC_SetPriority
    spi.o(i.HAL_SPI_MspInit) refers to stm32f1xx_hal_cortex.o(i.HAL_NVIC_EnableIRQ) for HAL_NVIC_EnableIRQ
    spi.o(i.MX_SPI1_Init) refers to stm32f1xx_hal_spi_ex.o(i.HAL_SPI_Init) for HAL_SPI_Init
    spi.o(i.MX_SPI1_Init) refers to main.o(i._Error_Handler) for _Error_Handler
    spi.o(i.MX_SPI1_Init) refers to spi.o(.bss) for .bss
    tim.o(i.HAL_TIM_Base_MspDeInit) refers to stm32f1xx_hal_cortex.o(i.HAL_NVIC_DisableIRQ) for HAL_NVIC_DisableIRQ
    tim.o(i.HAL_TIM_MspPostInit) refers to stm32f1xx_hal_gpio.o(i.HAL_GPIO_Init) for HAL_GPIO_Init
    tim.o(i.HAL_TIM_PWM_MspDeInit) refers to stm32f1xx_hal_cortex.o(i.HAL_NVIC_DisableIRQ) for HAL_NVIC_DisableIRQ
    tim.o(i.HAL_TIM_PWM_MspInit) refers to stm32f1xx_hal_cortex.o(i.HAL_NVIC_SetPriority) for HAL_NVIC_SetPriority
    tim.o(i.HAL_TIM_PWM_MspInit) refers to stm32f1xx_hal_cortex.o(i.HAL_NVIC_EnableIRQ) for HAL_NVIC_EnableIRQ
    tim.o(i.MX_TIM3_Init) refers to stm32f1xx_hal_tim.o(i.HAL_TIM_PWM_Init) for HAL_TIM_PWM_Init
    tim.o(i.MX_TIM3_Init) refers to main.o(i._Error_Handler) for _Error_Handler
    tim.o(i.MX_TIM3_Init) refers to stm32f1xx_hal_tim_ex.o(i.HAL_TIMEx_MasterConfigSynchronization) for HAL_TIMEx_MasterConfigSynchronization
    tim.o(i.MX_TIM3_Init) refers to stm32f1xx_hal_tim.o(i.HAL_TIM_PWM_ConfigChannel) for HAL_TIM_PWM_ConfigChannel
    tim.o(i.MX_TIM3_Init) refers to tim.o(i.HAL_TIM_MspPostInit) for HAL_TIM_MspPostInit
    tim.o(i.MX_TIM3_Init) refers to tim.o(.bss) for .bss
    tim.o(i.MX_TIM4_Init) refers to stm32f1xx_hal_tim.o(i.HAL_TIM_Base_Init) for HAL_TIM_Base_Init
    tim.o(i.MX_TIM4_Init) refers to main.o(i._Error_Handler) for _Error_Handler
    tim.o(i.MX_TIM4_Init) refers to stm32f1xx_hal_tim.o(i.HAL_TIM_ConfigClockSource) for HAL_TIM_ConfigClockSource
    tim.o(i.MX_TIM4_Init) refers to stm32f1xx_hal_tim_ex.o(i.HAL_TIMEx_MasterConfigSynchronization) for HAL_TIMEx_MasterConfigSynchronization
[...]
    ../Drivers/STM32F1xx_HAL_Driver/Src/stm32f1xx_hal_flash.c 0x00000000   Number         0  stm32f1xx_hal_flash.o ABSOLUTE
    ../Drivers/STM32F1xx_HAL_Driver/Src/stm32f1xx_hal_flash_ex.c 0x00000000   Number         0  stm32f1xx_hal_flash_ex.o ABSOLUTE
    ../Drivers/STM32F1xx_HAL_Driver/Src/stm32f1xx_hal_gpio.c 0x00000000   Number         0  stm32f1xx_hal_gpio.o ABSOLUTE
    ../Drivers/STM32F1xx_HAL_Driver/Src/stm32f1xx_hal_gpio_ex.c 0x00000000   Number         0  stm32f1xx_hal_gpio_ex.o ABSOLUTE
    ../Drivers/STM32F1xx_HAL_Driver/Src/stm32f1xx_hal_pwr.c 0x00000000   Number         0  stm32f1xx_hal_pwr.o ABSOLUTE
    ../Drivers/STM32F1xx_HAL_Driver/Src/stm32f1xx_hal_rcc.c 0x00000000   Number         0  stm32f1xx_hal_rcc.o ABSOLUTE
    ../Drivers/STM32F1xx_HAL_Driver/Src/stm32f1xx_hal_rcc_ex.c 0x00000000   Number         0  stm32f1xx_hal_rcc_ex.o ABSOLUTE
    ../Drivers/STM32F1xx_HAL_Driver/Src/stm32f1xx_hal_spi.c 0x00000000   Number         0  stm32f1xx_hal_spi.o ABSOLUTE
    ../Drivers/STM32F1xx_HAL_Driver/Src/stm32f1xx_hal_spi_ex.c 0x00000000   Number         0  stm32f1xx_hal_spi_ex.o ABSOLUTE
    ../Drivers/STM32F1xx_HAL_Driver/Src/stm32f1xx_hal_tim.c 0x00000000   Number         0  stm32f1xx_hal_tim.o ABSOLUTE
    ../Drivers/STM32F1xx_HAL_Driver/Src/stm32f1xx_hal_tim_ex.c 0x00000000   Number         0  stm32f1xx_hal_tim_ex.o ABSOLUTE
    ../Drivers/STM32F1xx_HAL_Driver/Src/stm32f1xx_hal_uart.c 0x00000000   Number         0  stm32f1xx_hal_uart.o ABSOLUTE
    ../Src/adc.c                             0x00000000   Number         0  adc.o ABSOLUTE
    ../Src/dma.c                             0x00000000   Number         0  dma.o ABSOLUTE
    ../Src/gpio.c                            0x00000000   Number         0  gpio.o ABSOLUTE
    ../Src/main.c                            0x00000000   Number         0  main.o ABSOLUTE
    ../Src/spi.c                             0x00000000   Number         0  spi.o ABSOLUTE
    ../Src/stm32f1xx_hal_msp.c               0x00000000   Number         0  stm32f1xx_hal_msp.o ABSOLUTE
    ../Src/stm32f1xx_it.c                    0x00000000   Number         0  stm32f1xx_it.o ABSOLUTE
    ../Src/tim.c                             0x00000000   Number         0  tim.o ABSOLUTE
    ../Src/usart.c                           0x00000000   Number         0  usart.o ABSOLUTE
    ../clib/microlib/init/entry.s            0x00000000   Number         0  entry7b.o ABSOLUTE
    ../clib/microlib/init/entry.s            0x00000000   Number         0  entry7a.o ABSOLUTE
    ../clib/microlib/init/entry.s            0x00000000   Number         0  entry5.o ABSOLUTE
    ../clib/microlib/init/entry.s            0x00000000   Number         0  entry.o ABSOLUTE
    ../clib/microlib/init/entry.s            0x00000000   Number         0  entry2.o ABSOLUTE
    ../clib/microlib/init/entry.s            0x00000000   Number         0  entry10b.o ABSOLUTE
    ../clib/microlib/init/entry.s            0x00000000   Number         0  entry11a.o ABSOLUTE
    ../clib/microlib/init/entry.s            0x00000000   Number         0  entry9a.o ABSOLUTE
    ../clib/microlib/init/entry.s            0x00000000   Number         0  entry10a.o ABSOLUTE
    ../clib/microlib/init/entry.s            0x00000000   Number         0  entry9b.o ABSOLUTE
    ../clib/microlib/init/entry.s            0x00000000   Number         0  entry8b.o ABSOLUTE
    ../clib/microlib/init/entry.s            0x00000000   Number         0  entry8a.o ABSOLUTE
    ../clib/microlib/init/entry.s            0x00000000   Number         0  entry11b.o ABSOLUTE
    ../clib/microlib/longlong.c              0x00000000   Number         0  llushr.o ABSOLUTE
    ..\Drivers\STM32F1xx_HAL_Driver\Src\stm32f1xx_hal.c 0x00000000   Number         0  stm32f1xx_hal.o ABSOLUTE
    ..\Drivers\STM32F1xx_HAL_Driver\Src\stm32f1xx_hal_adc.c 0x00000000   Number         0  stm32f1xx_hal_adc.o ABSOLUTE
    ..\Drivers\STM32F1xx_HAL_Driver\Src\stm32f1xx_hal_adc_ex.c 0x00000000   Number         0  stm32f1xx_hal_adc_ex.o ABSOLUTE
    ..\Drivers\STM32F1xx_HAL_Driver\Src\stm32f1xx_hal_cortex.c 0x00000000   Number         0  stm32f1xx_hal_cortex.o ABSOLUTE
    ..\Drivers\STM32F1xx_HAL_Driver\Src\stm32f1xx_hal_dma.c 0x00000000   Number         0  stm32f1xx_hal_dma.o ABSOLUTE
    ..\Drivers\STM32F1xx_HAL_Driver\Src\stm32f1xx_hal_flash.c 0x00000000   Number         0  stm32f1xx_hal_flash.o ABSOLUTE
    ..\Drivers\STM32F1xx_HAL_Driver\Src\stm32f1xx_hal_flash_ex.c 0x00000000   Number         0  stm32f1xx_hal_flash_ex.o ABSOLUTE
    ..\Drivers\STM32F1xx_HAL_Driver\Src\stm32f1xx_hal_gpio.c 0x00000000   Number         0  stm32f1xx_hal_gpio.o ABSOLUTE
    ..\Drivers\STM32F1xx_HAL_Driver\Src\stm32f1xx_hal_gpio_ex.c 0x00000000   Number         0  stm32f1xx_hal_gpio_ex.o ABSOLUTE
    ..\Drivers\STM32F1xx_HAL_Driver\Src\stm32f1xx_hal_pwr.c 0x00000000   Number         0  stm32f1xx_hal_pwr.o ABSOLUTE
    ..\Drivers\STM32F1xx_HAL_Driver\Src\stm32f1xx_hal_rcc.c 0x00000000   Number         0  stm32f1xx_hal_rcc.o ABSOLUTE
    ..\Drivers\STM32F1xx_HAL_Driver\Src\stm32f1xx_hal_rcc_ex.c 0x00000000   Number         0  stm32f1xx_hal_rcc_ex.o ABSOLUTE
    ..\Drivers\STM32F1xx_HAL_Driver\Src\stm32f1xx_hal_spi.c 0x00000000   Number         0  stm32f1xx_hal_spi.o ABSOLUTE
    ..\Drivers\STM32F1xx_HAL_Driver\Src\stm32f1xx_hal_spi_ex.c 0x00000000   Number         0  stm32f1xx_hal_spi_ex.o ABSOLUTE
    ..\Drivers\STM32F1xx_HAL_Driver\Src\stm32f1xx_hal_tim.c 0x00000000   Number         0  stm32f1xx_hal_tim.o ABSOLUTE
    ..\Drivers\STM32F1xx_HAL_Driver\Src\stm32f1xx_hal_tim_ex.c 0x00000000   Number         0  stm32f1xx_hal_tim_ex.o ABSOLUTE
    ..\Drivers\STM32F1xx_HAL_Driver\Src\stm32f1xx_hal_uart.c 0x00000000   Number         0  stm32f1xx_hal_uart.o ABSOLUTE
    ..\Src\adc.c                             0x00000000   Number         0  adc.o ABSOLUTE
    ..\Src\dma.c                             0x00000000   Number         0  dma.o ABSOLUTE
    ..\Src\ds_DataTransmissionLayer.c        0x00000000   Number         0  ds_datatransmissionlayer.o ABSOLUTE
    ..\Src\ds_FillLight.c                    0x00000000   Number         0  ds_filllight.o ABSOLUTE
    ..\Src\ds_ProtocolLayer.c                0x00000000   Number         0  ds_protocollayer.o ABSOLUTE
    ..\Src\ds_gentlesensor.c                 0x00000000   Number         0  ds_gentlesensor.o ABSOLUTE
    ..\Src\ds_led.c                          0x00000000   Number         0  ds_led.o ABSOLUTE
    ..\Src\ds_log.c                          0x00000000   Number         0  ds_log.o ABSOLUTE
    ..\Src\gpio.c                            0x00000000   Number         0  gpio.o ABSOLUTE
    ..\Src\main.c                            0x00000000   Number         0  main.o ABSOLUTE
    ..\Src\spi.c                             0x00000000   Number         0  spi.o ABSOLUTE
    ..\Src\stm32f1xx_hal_msp.c               0x00000000   Number         0  stm32f1xx_hal_msp.o ABSOLUTE
    ..\Src\stm32f1xx_it.c                    0x00000000   Number         0  stm32f1xx_it.o ABSOLUTE
    ..\Src\tim.c                             0x00000000   Number         0  tim.o ABSOLUTE
    ..\Src\usart.c                           0x00000000   Number         0  usart.o ABSOLUTE
    ..\\Src\\ds_DataTransmissionLayer.c      0x00000000   Number         0  ds_datatransmissionlayer.o ABSOLUTE
    ..\\Src\\ds_FillLight.c                  0x00000000   Number         0  ds_filllight.o ABSOLUTE
    ..\\Src\\ds_ProtocolLayer.c              0x00000000   Number         0  ds_protocollayer.o ABSOLUTE
    ..\\Src\\ds_gentlesensor.c               0x00000000   Number         0  ds_gentlesensor.o ABSOLUTE
    ..\\Src\\ds_led.c                        0x00000000   Number         0  ds_led.o ABSOLUTE
    ..\\Src\\ds_log.c                        0x00000000   Number         0  ds_log.o ABSOLUTE
    ..\\Src\system_stm32f1xx.c               0x00000000   Number         0  system_stm32f1xx.o ABSOLUTE
    dc.s                                     0x00000000   Number         0  dc.o ABSOLUTE
    handlers.s                               0x00000000   Number         0  handlers.o ABSOLUTE
    init.s                                   0x00000000   Number         0  init.o ABSOLUTE
    startup_stm32f103xe.s                    0x00000000   Number         0  startup_stm32f103xe.o ABSOLUTE
    RESET                                    0x08000000   Section      304  startup_stm32f103xe.o(RESET)
    .ARM.Collect$$$$00000000                 0x08000130   Section        0  entry.o(.ARM.Collect$$$$00000000)
    .ARM.Collect$$$$00000001                 0x08000130   Section        4  entry2.o(.ARM.Collect$$$$00000001)
    .ARM.Collect$$$$00000004                 0x08000134   Section        4  entry5.o(.ARM.Collect$$$$00000004)
    .ARM.Collect$$$$00000008                 0x08000138   Section        0  entry7b.o(.ARM.Collect$$$$00000008)
    .ARM.Collect$$$$0000000A                 0x08000138   Section        0  entry8b.o(.ARM.Collect$$$$0000000A)
    .ARM.Collect$$$$0000000B                 0x08000138   Section        8  entry9a.o(.ARM.Collect$$$$0000000B)
    .ARM.Collect$$$$0000000D                 0x08000140   Section        0  entry10a.o(.ARM.Collect$$$$0000000D)
    .ARM.Collect$$$$0000000F                 0x08000140   Section        0  entry11a.o(.ARM.Collect$$$$0000000F)
    .ARM.Collect$$$$00002712                 0x08000140   Section        4  entry2.o(.ARM.Collect$$$$00002712)
    __lit__00000000                          0x08000140   Data           4  entry2.o(.ARM.Collect$$$$00002712)
    .text                                    0x08000144   Section       36  startup_stm32f103xe.o(.text)
    .text                                    0x08000168   Section       36  init.o(.text)
    i.ADC1_2_IRQHandler                      0x0800018c   Section        0  stm32f1xx_it.o(i.ADC1_2_IRQHandler)
    i.ADC_ConversionStop_Disable             0x08000198   Section        0  stm32f1xx_hal_adc.o(i.ADC_ConversionStop_Disable)
    i.ADC_DMAConvCplt                        0x080001e2   Section        0  stm32f1xx_hal_adc.o(i.ADC_DMAConvCplt)
    i.ADC_DMAError                           0x08000230   Section        0  stm32f1xx_hal_adc.o(i.ADC_DMAError)
    i.ADC_DMAHalfConvCplt                    0x0800024a   Section        0  stm32f1xx_hal_adc.o(i.ADC_DMAHalfConvCplt)
    i.ADC_Enable                             0x08000254   Section        0  stm32f1xx_hal_adc.o(i.ADC_Enable)
    i.BusFault_Handler                       0x080002c4   Section        0  stm32f1xx_it.o(i.BusFault_Handler)
    i.CheckLightAndTemperture                0x080002c8   Section        0  main.o(i.CheckLightAndTemperture)
    CheckLightAndTemperture                  0x080002c9   Thumb Code   120  main.o(i.CheckLightAndTemperture)
    i.DMA1_Channel1_IRQHandler               0x08000348   Section        0  stm32f1xx_it.o(i.DMA1_Channel1_IRQHandler)
    i.DMA1_Channel3_IRQHandler               0x08000354   Section        0  stm32f1xx_it.o(i.DMA1_Channel3_IRQHandler)
    i.DMA1_Channel5_IRQHandler               0x08000360   Section        0  stm32f1xx_it.o(i.DMA1_Channel5_IRQHandler)
    i.DMA1_Channel6_IRQHandler               0x0800036c   Section        0  stm32f1xx_it.o(i.DMA1_Channel6_IRQHandler)
    i.DMA_SetConfig                          0x08000378   Section        0  stm32f1xx_hal_dma.o(i.DMA_SetConfig)
    DMA_SetConfig                            0x08000379   Thumb Code    42  stm32f1xx_hal_dma.o(i.DMA_SetConfig)
    i.DS_ATMOSPHERELED1_OFF                  0x080003a4   Section        0  ds_led.o(i.DS_ATMOSPHERELED1_OFF)
    i.DS_ATMOSPHERELED1_ON                   0x080003b4   Section        0  ds_led.o(i.DS_ATMOSPHERELED1_ON)
    i.DS_ATMOSPHERELED1_TOGGLE               0x080003c4   Section        0  ds_led.o(i.DS_ATMOSPHERELED1_TOGGLE)
    i.DS_ATMOSPHERELED2_TOGGLE               0x080003d4   Section        0  ds_led.o(i.DS_ATMOSPHERELED2_TOGGLE)
    i.DS_COMMUNICATIONLED_OFF                0x080003e4   Section        0  ds_led.o(i.DS_COMMUNICATIONLED_OFF)
    i.DS_COMMUNICATIONLED_TORGGLE            0x080003f4   Section        0  ds_led.o(i.DS_COMMUNICATIONLED_TORGGLE)
    i.DS_CoreBoardProtocolInit               0x08000404   Section        0  ds_datatransmissionlayer.o(i.DS_CoreBoardProtocolInit)
    i.DS_CoreBoardUsartReceive_IDLE          0x0800042c   Section        0  ds_datatransmissionlayer.o(i.DS_CoreBoardUsartReceive_IDLE)
    i.DS_FAN_OUT_OFF                         0x08000474   Section        0  ds_led.o(i.DS_FAN_OUT_OFF)
    i.DS_FAN_OUT_ON                          0x08000484   Section        0  ds_led.o(i.DS_FAN_OUT_ON)
    i.DS_GentleSensorCheck                   0x08000494   Section        0  ds_gentlesensor.o(i.DS_GentleSensorCheck)
    i.DS_GentleSensorInit                    0x0800053c   Section        0  ds_gentlesensor.o(i.DS_GentleSensorInit)
    i.DS_HandingCoreBoardRequest             0x0800054c   Section        0  ds_protocollayer.o(i.DS_HandingCoreBoardRequest)
    i.DS_HandingLeftDoorBoardRequest         0x080006f4   Section        0  ds_protocollayer.o(i.DS_HandingLeftDoorBoardRequest)
    i.DS_HandingRightDoorBoardRequest        0x080007dc   Section        0  ds_protocollayer.o(i.DS_HandingRightDoorBoardRequest)
    i.DS_HandingUartData                     0x080008a4   Section        0  ds_protocollayer.o(i.DS_HandingUartData)
    DS_HandingUartData                       0x080008a5   Thumb Code   432  ds_protocollayer.o(i.DS_HandingUartData)
    i.DS_HandingUartDataFromCoreBoard        0x08000a54   Section        0  ds_protocollayer.o(i.DS_HandingUartDataFromCoreBoard)
    i.DS_HandingUartDataFromLeftDoorBoard    0x08000a6c   Section        0  ds_protocollayer.o(i.DS_HandingUartDataFromLeftDoorBoard)
    i.DS_HandingUartDataFromRightDoorBoard   0x08000a84   Section        0  ds_protocollayer.o(i.DS_HandingUartDataFromRightDoorBoard)
    i.DS_LEDS_TEST                           0x08000a9c   Section        0  ds_led.o(i.DS_LEDS_TEST)
    i.DS_LED_Init                            0x08000ac8   Section        0  ds_led.o(i.DS_LED_Init)
    i.DS_LeftDoorBoardProtocolInit           0x08000acc   Section        0  ds_datatransmissionlayer.o(i.DS_LeftDoorBoardProtocolInit)
    i.DS_LeftDoorBoardUsartReceive_IDLE      0x08000b04   Section        0  ds_datatransmissionlayer.o(i.DS_LeftDoorBoardUsartReceive_IDLE)
    i.DS_ReportLogInfo                       0x08000b4c   Section        0  ds_log.o(i.DS_ReportLogInfo)
    i.DS_RightDoorBoardProtocolInit          0x08000bc0   Section        0  ds_datatransmissionlayer.o(i.DS_RightDoorBoardProtocolInit)
    i.DS_RightDoorBoardUsartReceive_IDLE     0x08000bf8   Section        0  ds_datatransmissionlayer.o(i.DS_RightDoorBoardUsartReceive_IDLE)
    i.DS_SendAckData                         0x08000c40   Section        0  ds_protocollayer.o(i.DS_SendAckData)
    i.DS_SendDataToCoreBoard                 0x08000cf4   Section        0  ds_datatransmissionlayer.o(i.DS_SendDataToCoreBoard)
    i.DS_SendDataToLeftDoorBoard             0x08000d10   Section        0  ds_datatransmissionlayer.o(i.DS_SendDataToLeftDoorBoard)
    i.DS_SendDataToRightDoorBoard            0x08000d4c   Section        0  ds_datatransmissionlayer.o(i.DS_SendDataToRightDoorBoard)
    i.DS_SetLedPwmValue                      0x08000d88   Section        0  ds_filllight.o(i.DS_SetLedPwmValue)
    i.DS_UpFanStatusInfoLog                  0x08000db4   Section        0  ds_log.o(i.DS_UpFanStatusInfoLog)
    i.DS_UpFlashLightInfoLog                 0x08000dc0   Section        0  ds_log.o(i.DS_UpFlashLightInfoLog)
    i.DS_UpLightInfoLog                      0x08000dcc   Section        0  ds_log.o(i.DS_UpLightInfoLog)
    i.DS_UpTemInfoLog                        0x08000ddc   Section        0  ds_log.o(i.DS_UpTemInfoLog)
    i.DS_UpgentleStatusInfoLog               0x08000dec   Section        0  ds_log.o(i.DS_UpgentleStatusInfoLog)
    i.DebugMon_Handler                       0x08000df8   Section        0  stm32f1xx_it.o(i.DebugMon_Handler)
    i.GetAvailableTableID                    0x08000dfc   Section        0  ds_protocollayer.o(i.GetAvailableTableID)
    GetAvailableTableID                      0x08000dfd   Thumb Code    24  ds_protocollayer.o(i.GetAvailableTableID)
    i.HAL_ADCEx_InjectedConvCpltCallback     0x08000e18   Section        0  stm32f1xx_hal_adc_ex.o(i.HAL_ADCEx_InjectedConvCpltCallback)
    i.HAL_ADC_ConfigChannel                  0x08000e1c   Section        0  stm32f1xx_hal_adc.o(i.HAL_ADC_ConfigChannel)
    i.HAL_ADC_ConvCpltCallback               0x08000f18   Section        0  stm32f1xx_hal_adc.o(i.HAL_ADC_ConvCpltCallback)
    i.HAL_ADC_ConvHalfCpltCallback           0x08000f1a   Section        0  stm32f1xx_hal_adc.o(i.HAL_ADC_ConvHalfCpltCallback)
    i.HAL_ADC_ErrorCallback                  0x08000f1c   Section        0  stm32f1xx_hal_adc.o(i.HAL_ADC_ErrorCallback)
    i.HAL_ADC_IRQHandler                     0x08000f1e   Section        0  stm32f1xx_hal_adc.o(i.HAL_ADC_IRQHandler)
    i.HAL_ADC_Init                           0x08001004   Section        0  stm32f1xx_hal_adc.o(i.HAL_ADC_Init)
    i.HAL_ADC_LevelOutOfWindowCallback       0x08001124   Section        0  stm32f1xx_hal_adc.o(i.HAL_ADC_LevelOutOfWindowCallback)
    i.HAL_ADC_MspInit                        0x08001128   Section        0  adc.o(i.HAL_ADC_MspInit)
    i.HAL_ADC_Start_DMA                      0x080011b4   Section        0  stm32f1xx_hal_adc.o(i.HAL_ADC_Start_DMA)
    i.HAL_DMA_Abort                          0x080012c0   Section        0  stm32f1xx_hal_dma.o(i.HAL_DMA_Abort)
    i.HAL_DMA_Abort_IT                       0x080012f0   Section        0  stm32f1xx_hal_dma.o(i.HAL_DMA_Abort_IT)
    i.HAL_DMA_IRQHandler                     0x08001420   Section        0  stm32f1xx_hal_dma.o(i.HAL_DMA_IRQHandler)
    i.HAL_DMA_Init                           0x08001668   Section        0  stm32f1xx_hal_dma.o(i.HAL_DMA_Init)
    i.HAL_DMA_Start_IT                       0x080016ec   Section        0  stm32f1xx_hal_dma.o(i.HAL_DMA_Start_IT)
    i.HAL_GPIO_Init                          0x0800175c   Section        0  stm32f1xx_hal_gpio.o(i.HAL_GPIO_Init)
    i.HAL_GPIO_ReadPin                       0x08001948   Section        0  stm32f1xx_hal_gpio.o(i.HAL_GPIO_ReadPin)
    i.HAL_GPIO_TogglePin                     0x08001952   Section        0  stm32f1xx_hal_gpio.o(i.HAL_GPIO_TogglePin)
    i.HAL_GPIO_WritePin                      0x0800195a   Section        0  stm32f1xx_hal_gpio.o(i.HAL_GPIO_WritePin)
    i.HAL_GetTick                            0x08001964   Section        0  stm32f1xx_hal.o(i.HAL_GetTick)
    i.HAL_IncTick                            0x08001970   Section        0  stm32f1xx_hal.o(i.HAL_IncTick)
    i.HAL_Init                               0x08001980   Section        0  stm32f1xx_hal.o(i.HAL_Init)
    i.HAL_InitTick                           0x080019a4   Section        0  stm32f1xx_hal.o(i.HAL_InitTick)
    i.HAL_MspInit                            0x080019e4   Section        0  stm32f1xx_hal_msp.o(i.HAL_MspInit)
    i.HAL_NVIC_EnableIRQ                     0x08001a64   Section        0  stm32f1xx_hal_cortex.o(i.HAL_NVIC_EnableIRQ)
    i.HAL_NVIC_SetPriority                   0x08001a7c   Section        0  stm32f1xx_hal_cortex.o(i.HAL_NVIC_SetPriority)
    i.HAL_NVIC_SetPriorityGrouping           0x08001abc   Section        0  stm32f1xx_hal_cortex.o(i.HAL_NVIC_SetPriorityGrouping)
    i.HAL_RCCEx_PeriphCLKConfig              0x08001ae0   Section        0  stm32f1xx_hal_rcc_ex.o(i.HAL_RCCEx_PeriphCLKConfig)
    i.HAL_RCC_ClockConfig                    0x08001bc8   Section        0  stm32f1xx_hal_rcc.o(i.HAL_RCC_ClockConfig)
    i.HAL_RCC_GetHCLKFreq                    0x08001d14   Section        0  stm32f1xx_hal_rcc.o(i.HAL_RCC_GetHCLKFreq)
    i.HAL_RCC_GetPCLK1Freq                   0x08001d20   Section        0  stm32f1xx_hal_rcc.o(i.HAL_RCC_GetPCLK1Freq)
    i.HAL_RCC_GetPCLK2Freq                   0x08001d40   Section        0  stm32f1xx_hal_rcc.o(i.HAL_RCC_GetPCLK2Freq)
    i.HAL_RCC_GetSysClockFreq                0x08001d60   Section        0  stm32f1xx_hal_rcc.o(i.HAL_RCC_GetSysClockFreq)
    i.HAL_RCC_OscConfig                      0x08001dcc   Section        0  stm32f1xx_hal_rcc.o(i.HAL_RCC_OscConfig)
    i.HAL_SPI_ErrorCallback                  0x080020c4   Section        0  stm32f1xx_hal_spi.o(i.HAL_SPI_ErrorCallback)
    i.HAL_SPI_IRQHandler                     0x080020c8   Section        0  stm32f1xx_hal_spi.o(i.HAL_SPI_IRQHandler)
    i.HAL_SPI_Init                           0x0800218c   Section        0  stm32f1xx_hal_spi_ex.o(i.HAL_SPI_Init)
    i.HAL_SPI_MspInit                        0x08002210   Section        0  spi.o(i.HAL_SPI_MspInit)
    i.HAL_SYSTICK_CLKSourceConfig            0x08002278   Section        0  stm32f1xx_hal_cortex.o(i.HAL_SYSTICK_CLKSourceConfig)
    i.HAL_SYSTICK_Callback                   0x08002290   Section        0  stm32f1xx_hal_cortex.o(i.HAL_SYSTICK_Callback)
    i.HAL_SYSTICK_Config                     0x08002292   Section        0  stm32f1xx_hal_cortex.o(i.HAL_SYSTICK_Config)
    i.HAL_SYSTICK_IRQHandler                 0x080022ba   Section        0  stm32f1xx_hal_cortex.o(i.HAL_SYSTICK_IRQHandler)
    i.HAL_TIMEx_BreakCallback                0x080022c2   Section        0  stm32f1xx_hal_tim_ex.o(i.HAL_TIMEx_BreakCallback)
    i.HAL_TIMEx_CommutationCallback          0x080022c4   Section        0  stm32f1xx_hal_tim_ex.o(i.HAL_TIMEx_CommutationCallback)
    i.HAL_TIMEx_MasterConfigSynchronization  0x080022c6   Section        0  stm32f1xx_hal_tim_ex.o(i.HAL_TIMEx_MasterConfigSynchronization)
    i.HAL_TIM_Base_Init                      0x08002316   Section        0  stm32f1xx_hal_tim.o(i.HAL_TIM_Base_Init)
    i.HAL_TIM_Base_MspInit                   0x0800234c   Section        0  tim.o(i.HAL_TIM_Base_MspInit)
    i.HAL_TIM_Base_Start_IT                  0x0800238c   Section        0  stm32f1xx_hal_tim.o(i.HAL_TIM_Base_Start_IT)
    i.HAL_TIM_ConfigClockSource              0x080023a4   Section        0  stm32f1xx_hal_tim.o(i.HAL_TIM_ConfigClockSource)
    i.HAL_TIM_IC_CaptureCallback             0x08002494   Section        0  stm32f1xx_hal_tim.o(i.HAL_TIM_IC_CaptureCallback)
    i.HAL_TIM_IRQHandler                     0x08002496   Section        0  stm32f1xx_hal_tim.o(i.HAL_TIM_IRQHandler)
    i.HAL_TIM_MspPostInit                    0x080025fc   Section        0  tim.o(i.HAL_TIM_MspPostInit)
    i.HAL_TIM_OC_DelayElapsedCallback        0x08002638   Section        0  stm32f1xx_hal_tim.o(i.HAL_TIM_OC_DelayElapsedCallback)
    i.HAL_TIM_PWM_ConfigChannel              0x0800263a   Section        0  stm32f1xx_hal_tim.o(i.HAL_TIM_PWM_ConfigChannel)
    i.HAL_TIM_PWM_Init                       0x0800270a   Section        0  stm32f1xx_hal_tim.o(i.HAL_TIM_PWM_Init)
    i.HAL_TIM_PWM_MspInit                    0x08002740   Section        0  tim.o(i.HAL_TIM_PWM_MspInit)
    i.HAL_TIM_PWM_PulseFinishedCallback      0x0800277c   Section        0  stm32f1xx_hal_tim.o(i.HAL_TIM_PWM_PulseFinishedCallback)
    i.HAL_TIM_PWM_Start                      0x08002780   Section        0  stm32f1xx_hal_tim.o(i.HAL_TIM_PWM_Start)
    i.HAL_TIM_PeriodElapsedCallback          0x080027b8   Section        0  main.o(i.HAL_TIM_PeriodElapsedCallback)
    i.HAL_TIM_TriggerCallback                0x080028a8   Section        0  stm32f1xx_hal_tim.o(i.HAL_TIM_TriggerCallback)
    i.HAL_UART_DMAStop                       0x080028aa   Section        0  stm32f1xx_hal_uart.o(i.HAL_UART_DMAStop)
    i.HAL_UART_ErrorCallback                 0x08002902   Section        0  stm32f1xx_hal_uart.o(i.HAL_UART_ErrorCallback)
    i.HAL_UART_IRQHandler                    0x08002904   Section        0  stm32f1xx_hal_uart.o(i.HAL_UART_IRQHandler)
    i.HAL_UART_Init                          0x08002a14   Section        0  stm32f1xx_hal_uart.o(i.HAL_UART_Init)
    i.HAL_UART_MspInit                       0x08002a78   Section        0  usart.o(i.HAL_UART_MspInit)
    i.HAL_UART_Receive_DMA                   0x08002be4   Section        0  stm32f1xx_hal_uart.o(i.HAL_UART_Receive_DMA)
    i.HAL_UART_RxCpltCallback                0x08002c7c   Section        0  stm32f1xx_hal_uart.o(i.HAL_UART_RxCpltCallback)
    i.HAL_UART_RxHalfCpltCallback            0x08002c7e   Section        0  stm32f1xx_hal_uart.o(i.HAL_UART_RxHalfCpltCallback)
    i.HAL_UART_Transmit                      0x08002c80   Section        0  stm32f1xx_hal_uart.o(i.HAL_UART_Transmit)
    i.HAL_UART_TxCpltCallback                0x08002d3a   Section        0  stm32f1xx_hal_uart.o(i.HAL_UART_TxCpltCallback)
    i.HardFault_Handler                      0x08002d3c   Section        0  stm32f1xx_it.o(i.HardFault_Handler)
    i.MX_ADC1_Init                           0x08002d40   Section        0  adc.o(i.MX_ADC1_Init)
    i.MX_DMA_Init                            0x08002dc0   Section        0  dma.o(i.MX_DMA_Init)
    i.MX_GPIO_Init                           0x08002ddc   Section        0  gpio.o(i.MX_GPIO_Init)
    i.MX_NVIC_Init                           0x08002e8c   Section        0  main.o(i.MX_NVIC_Init)
    MX_NVIC_Init                             0x08002e8d   Thumb Code   166  main.o(i.MX_NVIC_Init)
    i.MX_SPI1_Init                           0x08002f34   Section        0  spi.o(i.MX_SPI1_Init)
    i.MX_TIM3_Init                           0x08002f90   Section        0  tim.o(i.MX_TIM3_Init)
    i.MX_TIM4_Init                           0x08003010   Section        0  tim.o(i.MX_TIM4_Init)
    i.MX_TIM5_Init                           0x08003084   Section        0  tim.o(i.MX_TIM5_Init)
    i.MX_USART1_UART_Init                    0x080030fc   Section        0  usart.o(i.MX_USART1_UART_Init)
    i.MX_USART2_UART_Init                    0x08003148   Section        0  usart.o(i.MX_USART2_UART_Init)
    i.MX_USART3_UART_Init                    0x08003194   Section        0  usart.o(i.MX_USART3_UART_Init)
    i.MemManage_Handler                      0x080031e0   Section        0  stm32f1xx_it.o(i.MemManage_Handler)
    i.NMI_Handler                            0x080031e2   Section        0  stm32f1xx_it.o(i.NMI_Handler)
    i.NVIC_SetPriority                       0x080031e4   Section        0  stm32f1xx_hal_cortex.o(i.NVIC_SetPriority)
    NVIC_SetPriority                         0x080031e5   Thumb Code    32  stm32f1xx_hal_cortex.o(i.NVIC_SetPriority)
    i.PendSV_Handler                         0x08003204   Section        0  stm32f1xx_it.o(i.PendSV_Handler)
    i.SPI1_IRQHandler                        0x08003208   Section        0  stm32f1xx_it.o(i.SPI1_IRQHandler)
    i.SPI_DMAAbortOnError                    0x08003214   Section        0  stm32f1xx_hal_spi.o(i.SPI_DMAAbortOnError)
    SPI_DMAAbortOnError                      0x08003215   Thumb Code    16  stm32f1xx_hal_spi.o(i.SPI_DMAAbortOnError)
    i.SVC_Handler                            0x08003224   Section        0  stm32f1xx_it.o(i.SVC_Handler)
    i.SysTick_Handler                        0x08003226   Section        0  stm32f1xx_it.o(i.SysTick_Handler)
    i.SystemClock_Config                     0x08003234   Section        0  main.o(i.SystemClock_Config)
    i.SystemInit                             0x080032b0   Section        0  system_stm32f1xx.o(i.SystemInit)
    i.TIM3_IRQHandler                        0x080032f8   Section        0  stm32f1xx_it.o(i.TIM3_IRQHandler)
    i.TIM4_IRQHandler                        0x08003304   Section        0  stm32f1xx_it.o(i.TIM4_IRQHandler)
    i.TIM5_IRQHandler                        0x08003310   Section        0  stm32f1xx_it.o(i.TIM5_IRQHandler)
    i.TIM_Base_SetConfig                     0x0800331c   Section        0  stm32f1xx_hal_tim.o(i.TIM_Base_SetConfig)
    i.TIM_CCxChannelCmd                      0x080033a8   Section        0  stm32f1xx_hal_tim.o(i.TIM_CCxChannelCmd)
    i.TIM_ETR_SetConfig                      0x080033be   Section        0  stm32f1xx_hal_tim.o(i.TIM_ETR_SetConfig)
    TIM_ETR_SetConfig                        0x080033bf   Thumb Code    20  stm32f1xx_hal_tim.o(i.TIM_ETR_SetConfig)
    i.TIM_ITRx_SetConfig                     0x080033d2   Section        0  stm32f1xx_hal_tim.o(i.TIM_ITRx_SetConfig)
    TIM_ITRx_SetConfig                       0x080033d3   Thumb Code    16  stm32f1xx_hal_tim.o(i.TIM_ITRx_SetConfig)
    i.TIM_OC1_SetConfig                      0x080033e4   Section        0  stm32f1xx_hal_tim.o(i.TIM_OC1_SetConfig)
    TIM_OC1_SetConfig                        0x080033e5   Thumb Code    88  stm32f1xx_hal_tim.o(i.TIM_OC1_SetConfig)
    i.TIM_OC2_SetConfig                      0x08003444   Section        0  stm32f1xx_hal_tim.o(i.TIM_OC2_SetConfig)
    i.TIM_OC3_SetConfig                      0x080034b0   Section        0  stm32f1xx_hal_tim.o(i.TIM_OC3_SetConfig)
    TIM_OC3_SetConfig                        0x080034b1   Thumb Code    96  stm32f1xx_hal_tim.o(i.TIM_OC3_SetConfig)
    i.TIM_OC4_SetConfig                      0x08003518   Section        0  stm32f1xx_hal_tim.o(i.TIM_OC4_SetConfig)
    TIM_OC4_SetConfig                        0x08003519   Thumb Code    70  stm32f1xx_hal_tim.o(i.TIM_OC4_SetConfig)
    i.TIM_TI1_ConfigInputStage               0x08003568   Section        0  stm32f1xx_hal_tim.o(i.TIM_TI1_ConfigInputStage)
    TIM_TI1_ConfigInputStage                 0x08003569   Thumb Code    34  stm32f1xx_hal_tim.o(i.TIM_TI1_ConfigInputStage)
    i.TIM_TI2_ConfigInputStage               0x0800358a   Section        0  stm32f1xx_hal_tim.o(i.TIM_TI2_ConfigInputStage)
    TIM_TI2_ConfigInputStage                 0x0800358b   Thumb Code    36  stm32f1xx_hal_tim.o(i.TIM_TI2_ConfigInputStage)
    i.UART_DMAAbortOnError                   0x080035ae   Section        0  stm32f1xx_hal_uart.o(i.UART_DMAAbortOnError)
    UART_DMAAbortOnError                     0x080035af   Thumb Code    16  stm32f1xx_hal_uart.o(i.UART_DMAAbortOnError)
    i.UART_DMAError                          0x080035be   Section        0  stm32f1xx_hal_uart.o(i.UART_DMAError)
    UART_DMAError                            0x080035bf   Thumb Code    74  stm32f1xx_hal_uart.o(i.UART_DMAError)
    i.UART_DMAReceiveCplt                    0x08003608   Section        0  stm32f1xx_hal_uart.o(i.UART_DMAReceiveCplt)
    UART_DMAReceiveCplt                      0x08003609   Thumb Code    60  stm32f1xx_hal_uart.o(i.UART_DMAReceiveCplt)
    i.UART_DMARxHalfCplt                     0x08003644   Section        0  stm32f1xx_hal_uart.o(i.UART_DMARxHalfCplt)
    UART_DMARxHalfCplt                       0x08003645   Thumb Code    10  stm32f1xx_hal_uart.o(i.UART_DMARxHalfCplt)
    i.UART_EndRxTransfer                     0x0800364e   Section        0  stm32f1xx_hal_uart.o(i.UART_EndRxTransfer)
    UART_EndRxTransfer                       0x0800364f   Thumb Code    28  stm32f1xx_hal_uart.o(i.UART_EndRxTransfer)
    i.UART_EndTxTransfer                     0x0800366a   Section        0  stm32f1xx_hal_uart.o(i.UART_EndTxTransfer)
    UART_EndTxTransfer                       0x0800366b   Thumb Code    18  stm32f1xx_hal_uart.o(i.UART_EndTxTransfer)
    i.UART_Receive_IT                        0x0800367c   Section        0  stm32f1xx_hal_uart.o(i.UART_Receive_IT)
    UART_Receive_IT                          0x0800367d   Thumb Code   150  stm32f1xx_hal_uart.o(i.UART_Receive_IT)
    i.UART_SetConfig                         0x08003714   Section        0  stm32f1xx_hal_uart.o(i.UART_SetConfig)
    UART_SetConfig                           0x08003715   Thumb Code   364  stm32f1xx_hal_uart.o(i.UART_SetConfig)
    i.UART_Transmit_IT                       0x08003884   Section        0  stm32f1xx_hal_uart.o(i.UART_Transmit_IT)
    UART_Transmit_IT                         0x08003885   Thumb Code    98  stm32f1xx_hal_uart.o(i.UART_Transmit_IT)
    i.UART_WaitOnFlagUntilTimeout            0x080038e6   Section        0  stm32f1xx_hal_uart.o(i.UART_WaitOnFlagUntilTimeout)
    UART_WaitOnFlagUntilTimeout              0x080038e7   Thumb Code    98  stm32f1xx_hal_uart.o(i.UART_WaitOnFlagUntilTimeout)
    i.USART1_IRQHandler                      0x08003948   Section        0  stm32f1xx_it.o(i.USART1_IRQHandler)
    i.USART2_IRQHandler                      0x08003960   Section        0  stm32f1xx_it.o(i.USART2_IRQHandler)
    i.USART3_IRQHandler                      0x08003978   Section        0  stm32f1xx_it.o(i.USART3_IRQHandler)
    i.UsageFault_Handler                     0x08003990   Section        0  stm32f1xx_it.o(i.UsageFault_Handler)
    i._Error_Handler                         0x08003992   Section        0  main.o(i._Error_Handler)
    i.__scatterload_copy                     0x08003994   Section       14  handlers.o(i.__scatterload_copy)
    i.__scatterload_null                     0x080039a2   Section        2  handlers.o(i.__scatterload_null)
    i.__scatterload_zeroinit                 0x080039a4   Section       14  handlers.o(i.__scatterload_zeroinit)
    i.getXORCode                             0x080039b2   Section        0  ds_protocollayer.o(i.getXORCode)
    getXORCode                               0x080039b3   Thumb Code    24  ds_protocollayer.o(i.getXORCode)
    i.main                                   0x080039cc   Section        0  main.o(i.main)
    .constdata                               0x08003ab0   Section       16  system_stm32f1xx.o(.constdata)
    .constdata                               0x08003ac0   Section        8  system_stm32f1xx.o(.constdata)
    .data                                    0x20000000   Section       28  main.o(.data)
    .data                                    0x2000001c   Section        1  main.o(.data)
    .data                                    0x2000001d   Section        1  ds_gentlesensor.o(.data)
    gSendFlag                                0x2000001d   Data           1  ds_gentlesensor.o(.data)
    .data                                    0x2000001e   Section       11  ds_protocollayer.o(.data)
    .data                                    0x2000002c   Section        4  system_stm32f1xx.o(.data)
    .data                                    0x20000030   Section       12  stm32f1xx_hal.o(.data)
    .bss                                     0x2000003c   Section       88  spi.o(.bss)
    .bss                                     0x20000094   Section      192  tim.o(.bss)
    .bss                                     0x20000154   Section      116  adc.o(.bss)
    .bss                                     0x200001c8   Section      396  usart.o(.bss)
    .bss                                     0x20000354   Section       56  main.o(.bss)
    .bss                                     0x2000038c   Section     1548  ds_datatransmissionlayer.o(.bss)
    .bss                                     0x20000998   Section       10  ds_log.o(.bss)
    DriverBoardInfo                          0x20000998   Data          10  ds_log.o(.bss)
    .bss                                     0x200009a4   Section     1776  ds_protocollayer.o(.bss)
    CoreRevDataBuf                           0x20000a94   Data         512  ds_protocollayer.o(.bss)
    LeftDoorRevDataBuf                       0x20000c94   Data         512  ds_protocollayer.o(.bss)
    RightDoorRevDataBuf                      0x20000e94   Data         512  ds_protocollayer.o(.bss)
    STACK                                    0x20001098   Section     1024  startup_stm32f103xe.o(STACK)

    Global Symbols

    Symbol Name                              Value     Ov Type        Size  Object(Section)

    BuildAttributes$$THM_ISAv4$P$D$K$B$S$PE$A:L22UL41UL21$X:L11$S22US41US21$IEEE1$IW$USESV6$~STKCKD$USESV7$~SHL$OSPACE$EBA8$MICROLIB$REQ8$PRES8$EABIv2 0x00000000   Number         0  anon$$obj.o ABSOLUTE
    __ARM_use_no_argv                        0x00000000   Number         0  main.o ABSOLUTE
    __cpp_initialize__aeabi_                  - Undefined Weak Reference
    __cxa_finalize                            - Undefined Weak Reference
    __decompress                              - Undefined Weak Reference
    _clock_init                               - Undefined Weak Reference
    _microlib_exit                            - Undefined Weak Reference
    __Vectors_Size                           0x00000130   Number         0  startup_stm32f103xe.o ABSOLUTE
    __Vectors                                0x08000000   Data           4  startup_stm32f103xe.o(RESET)
    __Vectors_End                            0x08000130   Data           0  startup_stm32f103xe.o(RESET)
    __main                                   0x08000131   Thumb Code     0  entry.o(.ARM.Collect$$$$00000000)
    _main_stk                                0x08000131   Thumb Code     0  entry2.o(.ARM.Collect$$$$00000001)
    _main_scatterload                        0x08000135   Thumb Code     0  entry5.o(.ARM.Collect$$$$00000004)
    __main_after_scatterload                 0x08000139   Thumb Code     0  entry5.o(.ARM.Collect$$$$00000004)
    _main_clock                              0x08000139   Thumb Code     0  entry7b.o(.ARM.Collect$$$$00000008)
    _main_cpp_init                           0x08000139   Thumb Code     0  entry8b.o(.ARM.Collect$$$$0000000A)
    _main_init                               0x08000139   Thumb Code     0  entry9a.o(.ARM.Collect$$$$0000000B)
    __rt_final_cpp                           0x08000141   Thumb Code     0  entry10a.o(.ARM.Collect$$$$0000000D)
    __rt_final_exit                          0x08000141   Thumb Code     0  entry11a.o(.ARM.Collect$$$$0000000F)
    Reset_Handler                            0x08000145   Thumb Code     8  startup_stm32f103xe.o(.text)
    ADC3_IRQHandler                          0x0800015f   Thumb Code     0  startup_stm32f103xe.o(.text)
    CAN1_RX1_IRQHandler                      0x0800015f   Thumb Code     0  startup_stm32f103xe.o(.text)
    CAN1_SCE_IRQHandler                      0x0800015f   Thumb Code     0  startup_stm32f103xe.o(.text)
    DMA1_Channel2_IRQHandler                 0x0800015f   Thumb Code     0  startup_stm32f103xe.o(.text)
    DMA1_Channel4_IRQHandler                 0x0800015f   Thumb Code     0  startup_stm32f103xe.o(.text)
    DMA1_Channel7_IRQHandler                 0x0800015f   Thumb Code     0  startup_stm32f103xe.o(.text)
    DMA2_Channel1_IRQHandler                 0x0800015f   Thumb Code     0  startup_stm32f103xe.o(.text)
    DMA2_Channel2_IRQHandler                 0x0800015f   Thumb Code     0  startup_stm32f103xe.o(.text)
    DMA2_Channel3_IRQHandler                 0x0800015f   Thumb Code     0  startup_stm32f103xe.o(.text)
    DMA2_Channel4_5_IRQHandler               0x0800015f   Thumb Code     0  startup_stm32f103xe.o(.text)
    EXTI0_IRQHandler                         0x0800015f   Thumb Code     0  startup_stm32f103xe.o(.text)
    EXTI15_10_IRQHandler                     0x0800015f   Thumb Code     0  startup_stm32f103xe.o(.text)
    EXTI1_IRQHandler                         0x0800015f   Thumb Code     0  startup_stm32f103xe.o(.text)
    EXTI2_IRQHandler                         0x0800015f   Thumb Code     0  startup_stm32f103xe.o(.text)
    EXTI3_IRQHandler                         0x0800015f   Thumb Code     0  startup_stm32f103xe.o(.text)
    EXTI4_IRQHandler                         0x0800015f   Thumb Code     0  startup_stm32f103xe.o(.text)
    EXTI9_5_IRQHandler                       0x0800015f   Thumb Code     0  startup_stm32f103xe.o(.text)
    FLASH_IRQHandler                         0x0800015f   Thumb Code     0  startup_stm32f103xe.o(.text)
    FSMC_IRQHandler                          0x0800015f   Thumb Code     0  startup_stm32f103xe.o(.text)
    I2C1_ER_IRQHandler                       0x0800015f   Thumb Code     0  startup_stm32f103xe.o(.text)
    I2C1_EV_IRQHandler                       0x0800015f   Thumb Code     0  startup_stm32f103xe.o(.text)
    I2C2_ER_IRQHandler                       0x0800015f   Thumb Code     0  startup_stm32f103xe.o(.text)
    I2C2_EV_IRQHandler                       0x0800015f   Thumb Code     0  startup_stm32f103xe.o(.text)
    PVD_IRQHandler                           0x0800015f   Thumb Code     0  startup_stm32f103xe.o(.text)
    RCC_IRQHandler                           0x0800015f   Thumb Code     0  startup_stm32f103xe.o(.text)
    RTC_Alarm_IRQHandler                     0x0800015f   Thumb Code     0  startup_stm32f103xe.o(.text)
    RTC_IRQHandler                           0x0800015f   Thumb Code     0  startup_stm32f103xe.o(.text)
    SDIO_IRQHandler                          0x0800015f   Thumb Code     0  startup_stm32f103xe.o(.text)
    SPI2_IRQHandler                          0x0800015f   Thumb Code     0  startup_stm32f103xe.o(.text)
    SPI3_IRQHandler                          0x0800015f   Thumb Code     0  startup_stm32f103xe.o(.text)
    TAMPER_IRQHandler                        0x0800015f   Thumb Code     0  startup_stm32f103xe.o(.text)
    TIM1_BRK_IRQHandler                      0x0800015f   Thumb Code     0  startup_stm32f103xe.o(.text)
    TIM1_CC_IRQHandler                       0x0800015f   Thumb Code     0  startup_stm32f103xe.o(.text)
    TIM1_TRG_COM_IRQHandler                  0x0800015f   Thumb Code     0  startup_stm32f103xe.o(.text)
    TIM1_UP_IRQHandler                       0x0800015f   Thumb Code     0  startup_stm32f103xe.o(.text)
    TIM2_IRQHandler                          0x0800015f   Thumb Code     0  startup_stm32f103xe.o(.text)
    TIM6_IRQHandler                          0x0800015f   Thumb Code     0  startup_stm32f103xe.o(.text)
    TIM7_IRQHandler                          0x0800015f   Thumb Code     0  startup_stm32f103xe.o(.text)
    TIM8_BRK_IRQHandler                      0x0800015f   Thumb Code     0  startup_stm32f103xe.o(.text)
    TIM8_CC_IRQHandler                       0x0800015f   Thumb Code     0  startup_stm32f103xe.o(.text)
    TIM8_TRG_COM_IRQHandler                  0x0800015f   Thumb Code     0  startup_stm32f103xe.o(.text)
    TIM8_UP_IRQHandler                       0x0800015f   Thumb Code     0  startup_stm32f103xe.o(.text)
    UART4_IRQHandler                         0x0800015f   Thumb Code     0  startup_stm32f103xe.o(.text)
    UART5_IRQHandler                         0x0800015f   Thumb Code     0  startup_stm32f103xe.o(.text)
    USBWakeUp_IRQHandler                     0x0800015f   Thumb Code     0  startup_stm32f103xe.o(.text)
    USB_HP_CAN1_TX_IRQHandler                0x0800015f   Thumb Code     0  startup_stm32f103xe.o(.text)
    USB_LP_CAN1_RX0_IRQHandler               0x0800015f   Thumb Code     0  startup_stm32f103xe.o(.text)
    WWDG_IRQHandler                          0x0800015f   Thumb Code     0  startup_stm32f103xe.o(.text)
    __scatterload                            0x08000169   Thumb Code    28  init.o(.text)
    __scatterload_rt2                        0x08000169   Thumb Code     0  init.o(.text)
    ADC1_2_IRQHandler                        0x0800018d   Thumb Code     6  stm32f1xx_it.o(i.ADC1_2_IRQHandler)
    ADC_ConversionStop_Disable               0x08000199   Thumb Code    74  stm32f1xx_hal_adc.o(i.ADC_ConversionStop_Disable)
    ADC_DMAConvCplt                          0x080001e3   Thumb Code    78  stm32f1xx_hal_adc.o(i.ADC_DMAConvCplt)
    ADC_DMAError                             0x08000231   Thumb Code    26  stm32f1xx_hal_adc.o(i.ADC_DMAError)
    ADC_DMAHalfConvCplt                      0x0800024b   Thumb Code    10  stm32f1xx_hal_adc.o(i.ADC_DMAHalfConvCplt)
    ADC_Enable                               0x08000255   Thumb Code   102  stm32f1xx_hal_adc.o(i.ADC_Enable)
    BusFault_Handler                         0x080002c5   Thumb Code     2  stm32f1xx_it.o(i.BusFault_Handler)
    DMA1_Channel1_IRQHandler                 0x08000349   Thumb Code     6  stm32f1xx_it.o(i.DMA1_Channel1_IRQHandler)
    DMA1_Channel3_IRQHandler                 0x08000355   Thumb Code     6  stm32f1xx_it.o(i.DMA1_Channel3_IRQHandler)
    DMA1_Channel5_IRQHandler                 0x08000361   Thumb Code     6  stm32f1xx_it.o(i.DMA1_Channel5_IRQHandler)
    DMA1_Channel6_IRQHandler                 0x0800036d   Thumb Code     6  stm32f1xx_it.o(i.DMA1_Channel6_IRQHandler)
    DS_ATMOSPHERELED1_OFF                    0x080003a5   Thumb Code    12  ds_led.o(i.DS_ATMOSPHERELED1_OFF)
    DS_ATMOSPHERELED1_ON                     0x080003b5   Thumb Code    10  ds_led.o(i.DS_ATMOSPHERELED1_ON)
    DS_ATMOSPHERELED1_TOGGLE                 0x080003c5   Thumb Code    10  ds_led.o(i.DS_ATMOSPHERELED1_TOGGLE)
    DS_ATMOSPHERELED2_TOGGLE                 0x080003d5   Thumb Code    10  ds_led.o(i.DS_ATMOSPHERELED2_TOGGLE)
    DS_COMMUNICATIONLED_OFF                  0x080003e5   Thumb Code    10  ds_led.o(i.DS_COMMUNICATIONLED_OFF)
    DS_COMMUNICATIONLED_TORGGLE              0x080003f5   Thumb Code    10  ds_led.o(i.DS_COMMUNICATIONLED_TORGGLE)
    DS_CoreBoardProtocolInit                 0x08000405   Thumb Code    32  ds_datatransmissionlayer.o(i.DS_CoreBoardProtocolInit)
    DS_CoreBoardUsartReceive_IDLE            0x0800042d   Thumb Code    62  ds_datatransmissionlayer.o(i.DS_CoreBoardUsartReceive_IDLE)
    DS_FAN_OUT_OFF                           0x08000475   Thumb Code    10  ds_led.o(i.DS_FAN_OUT_OFF)
    DS_FAN_OUT_ON                            0x08000485   Thumb Code    10  ds_led.o(i.DS_FAN_OUT_ON)
    DS_GentleSensorCheck                     0x08000495   Thumb Code   142  ds_gentlesensor.o(i.DS_GentleSensorCheck)
    DS_GentleSensorInit                      0x0800053d   Thumb Code    12  ds_gentlesensor.o(i.DS_GentleSensorInit)
    DS_HandingCoreBoardRequest               0x0800054d   Thumb Code   410  ds_protocollayer.o(i.DS_HandingCoreBoardRequest)
    DS_HandingLeftDoorBoardRequest           0x080006f5   Thumb Code   218  ds_protocollayer.o(i.DS_HandingLeftDoorBoardRequest)
    DS_HandingRightDoorBoardRequest          0x080007dd   Thumb Code   186  ds_protocollayer.o(i.DS_HandingRightDoorBoardRequest)
    DS_HandingUartDataFromCoreBoard          0x08000a55   Thumb Code    16  ds_protocollayer.o(i.DS_HandingUartDataFromCoreBoard)
    DS_HandingUartDataFromLeftDoorBoard      0x08000a6d   Thumb Code    16  ds_protocollayer.o(i.DS_HandingUartDataFromLeftDoorBoard)
    DS_HandingUartDataFromRightDoorBoard     0x08000a85   Thumb Code    16  ds_protocollayer.o(i.DS_HandingUartDataFromRightDoorBoard)
    DS_LEDS_TEST                             0x08000a9d   Thumb Code    40  ds_led.o(i.DS_LEDS_TEST)
    DS_LED_Init                              0x08000ac9   Thumb Code     2  ds_led.o(i.DS_LED_Init)
    DS_LeftDoorBoardProtocolInit             0x08000acd   Thumb Code    42  ds_datatransmissionlayer.o(i.DS_LeftDoorBoardProtocolInit)
    DS_LeftDoorBoardUsartReceive_IDLE        0x08000b05   Thumb Code    62  ds_datatransmissionlayer.o(i.DS_LeftDoorBoardUsartReceive_IDLE)
    DS_ReportLogInfo                         0x08000b4d   Thumb Code   108  ds_log.o(i.DS_ReportLogInfo)
    DS_RightDoorBoardProtocolInit            0x08000bc1   Thumb Code    42  ds_datatransmissionlayer.o(i.DS_RightDoorBoardProtocolInit)
    DS_RightDoorBoardUsartReceive_IDLE       0x08000bf9   Thumb Code    62  ds_datatransmissionlayer.o(i.DS_RightDoorBoardUsartReceive_IDLE)
    DS_SendAckData                           0x08000c41   Thumb Code   176  ds_protocollayer.o(i.DS_SendAckData)
    DS_SendDataToCoreBoard                   0x08000cf5   Thumb Code    24  ds_datatransmissionlayer.o(i.DS_SendDataToCoreBoard)
    DS_SendDataToLeftDoorBoard               0x08000d11   Thumb Code    52  ds_datatransmissionlayer.o(i.DS_SendDataToLeftDoorBoard)
    DS_SendDataToRightDoorBoard              0x08000d4d   Thumb Code    52  ds_datatransmissionlayer.o(i.DS_SendDataToRightDoorBoard)
    DS_SetLedPwmValue                        0x08000d89   Thumb Code    38  ds_filllight.o(i.DS_SetLedPwmValue)
    DS_UpFanStatusInfoLog                    0x08000db5   Thumb Code     6  ds_log.o(i.DS_UpFanStatusInfoLog)
    DS_UpFlashLightInfoLog                   0x08000dc1   Thumb Code     6  ds_log.o(i.DS_UpFlashLightInfoLog)
    DS_UpLightInfoLog                        0x08000dcd   Thumb Code    12  ds_log.o(i.DS_UpLightInfoLog)
    DS_UpTemInfoLog                          0x08000ddd   Thumb Code    12  ds_log.o(i.DS_UpTemInfoLog)
    DS_UpgentleStatusInfoLog                 0x08000ded   Thumb Code     6  ds_log.o(i.DS_UpgentleStatusInfoLog)
    DebugMon_Handler                         0x08000df9   Thumb Code     2  stm32f1xx_it.o(i.DebugMon_Handler)
    HAL_ADCEx_InjectedConvCpltCallback       0x08000e19   Thumb Code     2  stm32f1xx_hal_adc_ex.o(i.HAL_ADCEx_InjectedConvCpltCallback)
    HAL_ADC_ConfigChannel                    0x08000e1d   Thumb Code   240  stm32f1xx_hal_adc.o(i.HAL_ADC_ConfigChannel)
    HAL_ADC_ConvCpltCallback                 0x08000f19   Thumb Code     2  stm32f1xx_hal_adc.o(i.HAL_ADC_ConvCpltCallback)
    HAL_ADC_ConvHalfCpltCallback             0x08000f1b   Thumb Code     2  stm32f1xx_hal_adc.o(i.HAL_ADC_ConvHalfCpltCallback)
    HAL_ADC_ErrorCallback                    0x08000f1d   Thumb Code     2  stm32f1xx_hal_adc.o(i.HAL_ADC_ErrorCallback)
    HAL_ADC_IRQHandler                       0x08000f1f   Thumb Code   230  stm32f1xx_hal_adc.o(i.HAL_ADC_IRQHandler)
    HAL_ADC_Init                             0x08001005   Thumb Code   272  stm32f1xx_hal_adc.o(i.HAL_ADC_Init)
    HAL_ADC_LevelOutOfWindowCallback         0x08001125   Thumb Code     2  stm32f1xx_hal_adc.o(i.HAL_ADC_LevelOutOfWindowCallback)
    HAL_ADC_MspInit                          0x08001129   Thumb Code   102  adc.o(i.HAL_ADC_MspInit)
    HAL_ADC_Start_DMA                        0x080011b5   Thumb Code   246  stm32f1xx_hal_adc.o(i.HAL_ADC_Start_DMA)
    HAL_DMA_Abort                            0x080012c1   Thumb Code    48  stm32f1xx_hal_dma.o(i.HAL_DMA_Abort)
    HAL_DMA_Abort_IT                         0x080012f1   Thumb Code   296  stm32f1xx_hal_dma.o(i.HAL_DMA_Abort_IT)
    HAL_DMA_IRQHandler                       0x08001421   Thumb Code   552  stm32f1xx_hal_dma.o(i.HAL_DMA_IRQHandler)
    HAL_DMA_Init                             0x08001669   Thumb Code   120  stm32f1xx_hal_dma.o(i.HAL_DMA_Init)
    HAL_DMA_Start_IT                         0x080016ed   Thumb Code   112  stm32f1xx_hal_dma.o(i.HAL_DMA_Start_IT)
    HAL_GPIO_Init                            0x0800175d   Thumb Code   450  stm32f1xx_hal_gpio.o(i.HAL_GPIO_Init)
    HAL_GPIO_ReadPin                         0x08001949   Thumb Code    10  stm32f1xx_hal_gpio.o(i.HAL_GPIO_ReadPin)
    HAL_GPIO_TogglePin                       0x08001953   Thumb Code     8  stm32f1xx_hal_gpio.o(i.HAL_GPIO_TogglePin)
    HAL_GPIO_WritePin                        0x0800195b   Thumb Code    10  stm32f1xx_hal_gpio.o(i.HAL_GPIO_WritePin)
    HAL_GetTick                              0x08001965   Thumb Code     6  stm32f1xx_hal.o(i.HAL_GetTick)
    HAL_IncTick                              0x08001971   Thumb Code    12  stm32f1xx_hal.o(i.HAL_IncTick)
    HAL_Init                                 0x08001981   Thumb Code    32  stm32f1xx_hal.o(i.HAL_Init)
    HAL_InitTick                             0x080019a5   Thumb Code    54  stm32f1xx_hal.o(i.HAL_InitTick)
    HAL_MspInit                              0x080019e5   Thumb Code   118  stm32f1xx_hal_msp.o(i.HAL_MspInit)
    HAL_NVIC_EnableIRQ                       0x08001a65   Thumb Code    22  stm32f1xx_hal_cortex.o(i.HAL_NVIC_EnableIRQ)
    HAL_NVIC_SetPriority                     0x08001a7d   Thumb Code    60  stm32f1xx_hal_cortex.o(i.HAL_NVIC_SetPriority)
    HAL_NVIC_SetPriorityGrouping             0x08001abd   Thumb Code    26  stm32f1xx_hal_cortex.o(i.HAL_NVIC_SetPriorityGrouping)
    HAL_RCCEx_PeriphCLKConfig                0x08001ae1   Thumb Code   220  stm32f1xx_hal_rcc_ex.o(i.HAL_RCCEx_PeriphCLKConfig)
    HAL_RCC_ClockConfig                      0x08001bc9   Thumb Code   316  stm32f1xx_hal_rcc.o(i.HAL_RCC_ClockConfig)
    HAL_RCC_GetHCLKFreq                      0x08001d15   Thumb Code     6  stm32f1xx_hal_rcc.o(i.HAL_RCC_GetHCLKFreq)
    HAL_RCC_GetPCLK1Freq                     0x08001d21   Thumb Code    20  stm32f1xx_hal_rcc.o(i.HAL_RCC_GetPCLK1Freq)
    HAL_RCC_GetPCLK2Freq                     0x08001d41   Thumb Code    20  stm32f1xx_hal_rcc.o(i.HAL_RCC_GetPCLK2Freq)
    HAL_RCC_GetSysClockFreq                  0x08001d61   Thumb Code    74  stm32f1xx_hal_rcc.o(i.HAL_RCC_GetSysClockFreq)
    HAL_RCC_OscConfig                        0x08001dcd   Thumb Code   740  stm32f1xx_hal_rcc.o(i.HAL_RCC_OscConfig)
    HAL_SPI_ErrorCallback                    0x080020c5   Thumb Code     2  stm32f1xx_hal_spi.o(i.HAL_SPI_ErrorCallback)
    HAL_SPI_IRQHandler                       0x080020c9   Thumb Code   190  stm32f1xx_hal_spi.o(i.HAL_SPI_IRQHandler)
    HAL_SPI_Init                             0x0800218d   Thumb Code   130  stm32f1xx_hal_spi_ex.o(i.HAL_SPI_Init)
    HAL_SPI_MspInit                          0x08002211   Thumb Code    90  spi.o(i.HAL_SPI_MspInit)
    HAL_SYSTICK_CLKSourceConfig              0x08002279   Thumb Code    24  stm32f1xx_hal_cortex.o(i.HAL_SYSTICK_CLKSourceConfig)
    HAL_SYSTICK_Callback                     0x08002291   Thumb Code     2  stm32f1xx_hal_cortex.o(i.HAL_SYSTICK_Callback)
    HAL_SYSTICK_Config                       0x08002293   Thumb Code    40  stm32f1xx_hal_cortex.o(i.HAL_SYSTICK_Config)
    HAL_SYSTICK_IRQHandler                   0x080022bb   Thumb Code     8  stm32f1xx_hal_cortex.o(i.HAL_SYSTICK_IRQHandler)
    HAL_TIMEx_BreakCallback                  0x080022c3   Thumb Code     2  stm32f1xx_hal_tim_ex.o(i.HAL_TIMEx_BreakCallback)
    HAL_TIMEx_CommutationCallback            0x080022c5   Thumb Code     2  stm32f1xx_hal_tim_ex.o(i.HAL_TIMEx_CommutationCallback)
    HAL_TIMEx_MasterConfigSynchronization    0x080022c7   Thumb Code    80  stm32f1xx_hal_tim_ex.o(i.HAL_TIMEx_MasterConfigSynchronization)
    HAL_TIM_Base_Init                        0x08002317   Thumb Code    54  stm32f1xx_hal_tim.o(i.HAL_TIM_Base_Init)
    HAL_TIM_Base_MspInit                     0x0800234d   Thumb Code    52  tim.o(i.HAL_TIM_Base_MspInit)
    HAL_TIM_Base_Start_IT                    0x0800238d   Thumb Code    24  stm32f1xx_hal_tim.o(i.HAL_TIM_Base_Start_IT)
    HAL_TIM_ConfigClockSource                0x080023a5   Thumb Code   240  stm32f1xx_hal_tim.o(i.HAL_TIM_ConfigClockSource)
    HAL_TIM_IC_CaptureCallback               0x08002495   Thumb Code     2  stm32f1xx_hal_tim.o(i.HAL_TIM_IC_CaptureCallback)
    HAL_TIM_IRQHandler                       0x08002497   Thumb Code   358  stm32f1xx_hal_tim.o(i.HAL_TIM_IRQHandler)
    HAL_TIM_MspPostInit                      0x080025fd   Thumb Code    48  tim.o(i.HAL_TIM_MspPostInit)
    HAL_TIM_OC_DelayElapsedCallback          0x08002639   Thumb Code     2  stm32f1xx_hal_tim.o(i.HAL_TIM_OC_DelayElapsedCallback)
    HAL_TIM_PWM_ConfigChannel                0x0800263b   Thumb Code   208  stm32f1xx_hal_tim.o(i.HAL_TIM_PWM_ConfigChannel)
    HAL_TIM_PWM_Init                         0x0800270b   Thumb Code    54  stm32f1xx_hal_tim.o(i.HAL_TIM_PWM_Init)
    HAL_TIM_PWM_MspInit                      0x08002741   Thumb Code    50  tim.o(i.HAL_TIM_PWM_MspInit)
    HAL_TIM_PWM_PulseFinishedCallback        0x0800277d   Thumb Code     2  stm32f1xx_hal_tim.o(i.HAL_TIM_PWM_PulseFinishedCallback)
    HAL_TIM_PWM_Start                        0x08002781   Thumb Code    48  stm32f1xx_hal_tim.o(i.HAL_TIM_PWM_Start)
    HAL_TIM_PeriodElapsedCallback            0x080027b9   Thumb Code   220  main.o(i.HAL_TIM_PeriodElapsedCallback)
    HAL_TIM_TriggerCallback                  0x080028a9   Thumb Code     2  stm32f1xx_hal_tim.o(i.HAL_TIM_TriggerCallback)
    HAL_UART_DMAStop                         0x080028ab   Thumb Code    88  stm32f1xx_hal_uart.o(i.HAL_UART_DMAStop)
    HAL_UART_ErrorCallback                   0x08002903   Thumb Code     2  stm32f1xx_hal_uart.o(i.HAL_UART_ErrorCallback)
    HAL_UART_IRQHandler                      0x08002905   Thumb Code   266  stm32f1xx_hal_uart.o(i.HAL_UART_IRQHandler)
    HAL_UART_Init                            0x08002a15   Thumb Code    98  stm32f1xx_hal_uart.o(i.HAL_UART_Init)
    HAL_UART_MspInit                         0x08002a79   Thumb Code   316  usart.o(i.HAL_UART_MspInit)
    HAL_UART_Receive_DMA                     0x08002be5   Thumb Code   138  stm32f1xx_hal_uart.o(i.HAL_UART_Receive_DMA)
    HAL_UART_RxCpltCallback                  0x08002c7d   Thumb Code     2  stm32f1xx_hal_uart.o(i.HAL_UART_RxCpltCallback)
    HAL_UART_RxHalfCpltCallback              0x08002c7f   Thumb Code     2  stm32f1xx_hal_uart.o(i.HAL_UART_RxHalfCpltCallback)
    HAL_UART_Transmit                        0x08002c81   Thumb Code   186  stm32f1xx_hal_uart.o(i.HAL_UART_Transmit)
    HAL_UART_TxCpltCallback                  0x08002d3b   Thumb Code     2  stm32f1xx_hal_uart.o(i.HAL_UART_TxCpltCallback)
    HardFault_Handler                        0x08002d3d   Thumb Code     2  stm32f1xx_it.o(i.HardFault_Handler)
    MX_ADC1_Init                             0x08002d41   Thumb Code   102  adc.o(i.MX_ADC1_Init)
    MX_DMA_Init                              0x08002dc1   Thumb Code    22  dma.o(i.MX_DMA_Init)
    MX_GPIO_Init                             0x08002ddd   Thumb Code   162  gpio.o(i.MX_GPIO_Init)
    MX_SPI1_Init                             0x08002f35   Thumb Code    66  spi.o(i.MX_SPI1_Init)
    MX_TIM3_Init                             0x08002f91   Thumb Code   104  tim.o(i.MX_TIM3_Init)
    MX_TIM4_Init                             0x08003011   Thumb Code    92  tim.o(i.MX_TIM4_Init)
    MX_TIM5_Init                             0x08003085   Thumb Code    94  tim.o(i.MX_TIM5_Init)
    MX_USART1_UART_Init                      0x080030fd   Thumb Code    52  usart.o(i.MX_USART1_UART_Init)
    MX_USART2_UART_Init                      0x08003149   Thumb Code    52  usart.o(i.MX_USART2_UART_Init)
    MX_USART3_UART_Init                      0x08003195   Thumb Code    52  usart.o(i.MX_USART3_UART_Init)
    MemManage_Handler                        0x080031e1   Thumb Code     2  stm32f1xx_it.o(i.MemManage_Handler)
    NMI_Handler                              0x080031e3   Thumb Code     2  stm32f1xx_it.o(i.NMI_Handler)
    PendSV_Handler                           0x08003205   Thumb Code     2  stm32f1xx_it.o(i.PendSV_Handler)
    SPI1_IRQHandler                          0x08003209   Thumb Code     6  stm32f1xx_it.o(i.SPI1_IRQHandler)
    SVC_Handler                              0x08003225   Thumb Code     2  stm32f1xx_it.o(i.SVC_Handler)
    SysTick_Handler                          0x08003227   Thumb Code    14  stm32f1xx_it.o(i.SysTick_Handler)
    SystemClock_Config                       0x08003235   Thumb Code   122  main.o(i.SystemClock_Config)
    SystemInit                               0x080032b1   Thumb Code    56  system_stm32f1xx.o(i.SystemInit)
    TIM3_IRQHandler                          0x080032f9   Thumb Code     6  stm32f1xx_it.o(i.TIM3_IRQHandler)
    TIM4_IRQHandler                          0x08003305   Thumb Code     6  stm32f1xx_it.o(i.TIM4_IRQHandler)
    TIM5_IRQHandler                          0x08003311   Thumb Code     6  stm32f1xx_it.o(i.TIM5_IRQHandler)
    TIM_Base_SetConfig                       0x0800331d   Thumb Code   120  stm32f1xx_hal_tim.o(i.TIM_Base_SetConfig)
    TIM_CCxChannelCmd                        0x080033a9   Thumb Code    22  stm32f1xx_hal_tim.o(i.TIM_CCxChannelCmd)
    TIM_OC2_SetConfig                        0x08003445   Thumb Code    98  stm32f1xx_hal_tim.o(i.TIM_OC2_SetConfig)
    USART1_IRQHandler                        0x08003949   Thumb Code    18  stm32f1xx_it.o(i.USART1_IRQHandler)
    USART2_IRQHandler                        0x08003961   Thumb Code    18  stm32f1xx_it.o(i.USART2_IRQHandler)
    USART3_IRQHandler                        0x08003979   Thumb Code    18  stm32f1xx_it.o(i.USART3_IRQHandler)
    UsageFault_Handler                       0x08003991   Thumb Code     2  stm32f1xx_it.o(i.UsageFault_Handler)
    _Error_Handler                           0x08003993   Thumb Code     2  main.o(i._Error_Handler)
    __scatterload_copy                       0x08003995   Thumb Code    14  handlers.o(i.__scatterload_copy)
    __scatterload_null                       0x080039a3   Thumb Code     2  handlers.o(i.__scatterload_null)
    __scatterload_zeroinit                   0x080039a5   Thumb Code    14  handlers.o(i.__scatterload_zeroinit)
    main                                     0x080039cd   Thumb Code   202  main.o(i.main)
    AHBPrescTable                            0x08003ab0   Data          16  system_stm32f1xx.o(.constdata)
    APBPrescTable                            0x08003ac0   Data           8  system_stm32f1xx.o(.constdata)
    Region$$Table$$Base                      0x08003ac8   Number         0  anon$$obj.o(Region$$Table)
    Region$$Table$$Limit                     0x08003ae8   Number         0  anon$$obj.o(Region$$Table)
    gLogReportFlag                           0x20000000   Data           1  main.o(.data)
    gCarComingFlag                           0x20000001   Data           1  main.o(.data)
    gPWMLedFlag                              0x20000002   Data           1  main.o(.data)
    gTIM5PWMFlag                             0x20000003   Data           1  main.o(.data)
    gTIM5PWMCnt                              0x20000004   Data           1  main.o(.data)
    gADCTimCntFlag                           0x20000005   Data           1  main.o(.data)
    gLEDFlag                                 0x20000006   Data           1  main.o(.data)
    gLogReportCnt                            0x20000008   Data           2  main.o(.data)
    gPWMValue                                0x2000000a   Data           2  main.o(.data)
    gLEDCnt                                  0x2000000c   Data           2  main.o(.data)
    gTempterValue                            0x20000010   Data           4  main.o(.data)
    gLightValue                              0x20000014   Data           4  main.o(.data)
    gADCTimCnt                               0x20000018   Data           4  main.o(.data)
    gLEDsCarFlag                             0x2000001c   Data           1  main.o(.data)
    dataPos                                  0x2000001e   Data           2  ds_protocollayer.o(.data)
    SendOpenFlag                             0x20000020   Data           3  ds_protocollayer.o(.data)
    SendLeftDoorLogFlag                      0x20000023   Data           3  ds_protocollayer.o(.data)
    SendRightDoorLogFlag                     0x20000026   Data           3  ds_protocollayer.o(.data)
    SystemCoreClock                          0x2000002c   Data           4  system_stm32f1xx.o(.data)
    uwTickFreq                               0x20000030   Data           1  stm32f1xx_hal.o(.data)
    uwTickPrio                               0x20000034   Data           4  stm32f1xx_hal.o(.data)
    uwTick                                   0x20000038   Data           4  stm32f1xx_hal.o(.data)
    hspi1                                    0x2000003c   Data          88  spi.o(.bss)
    htim3                                    0x20000094   Data          64  tim.o(.bss)
    htim4                                    0x200000d4   Data          64  tim.o(.bss)
    htim5                                    0x20000114   Data          64  tim.o(.bss)
    hadc1                                    0x20000154   Data          48  adc.o(.bss)
    hdma_adc1                                0x20000184   Data          68  adc.o(.bss)
    huart1                                   0x200001c8   Data          64  usart.o(.bss)
    huart2                                   0x20000208   Data          64  usart.o(.bss)
    huart3                                   0x20000248   Data          64  usart.o(.bss)
    hdma_usart1_rx                           0x20000288   Data          68  usart.o(.bss)
    hdma_usart2_rx                           0x200002cc   Data          68  usart.o(.bss)
    hdma_usart3_rx                           0x20000310   Data          68  usart.o(.bss)
    gADCBuffer                               0x20000354   Data          40  main.o(.bss)
    gGentleSensorStatusDetection             0x2000037c   Data          16  main.o(.bss)
    CoreBoardUsartType                       0x2000038c   Data         516  ds_datatransmissionlayer.o(.bss)
    LeftDoorBoardUsartType                   0x20000590   Data         516  ds_datatransmissionlayer.o(.bss)
    RightDoorBoardUsartType                  0x20000794   Data         516  ds_datatransmissionlayer.o(.bss)
    Table                                    0x200009a4   Data          17  ds_protocollayer.o(.bss)
    CoreBoardAckedData                       0x200009b5   Data          21  ds_protocollayer.o(.bss)
    LeftDoorBoardAckedData                   0x200009ca   Data          21  ds_protocollayer.o(.bss)
    RightDoorBoardAckedData                  0x200009df   Data          21  ds_protocollayer.o(.bss)
    CoreBoardRevDataStruct                   0x200009f4   Data          16  ds_protocollayer.o(.bss)
    LeftDoorBoardRevDataStruct               0x20000a04   Data          16  ds_protocollayer.o(.bss)
    RightDoorBoardRevDataStruct              0x20000a14   Data          16  ds_protocollayer.o(.bss)
    sNeedToAckStruct                         0x20000a24   Data         112  ds_protocollayer.o(.bss)
    __initial_sp                             0x20001498   Data           0  startup_stm32f103xe.o(STACK)



==============================================================================

Memory Map of the image

  Image Entry point : 0x08000131

  Load Region LR_IROM1 (Base: 0x08000000, Size: 0x00003b24, Max: 0x00040000, ABSOLUTE)

    Execution Region ER_IROM1 (Exec base: 0x08000000, Load base: 0x08000000, Size: 0x00003ae8, Max: 0x00040000, ABSOLUTE)

    Exec Addr    Load Addr    Size         Type   Attr      Idx    E Section Name        Object

    0x08000000   0x08000000   0x00000130   Data   RO            3    RESET               startup_stm32f103xe.o
    0x08000130   0x08000130   0x00000000   Code   RO         3833  * .ARM.Collect$$$$00000000  mc_w.l(entry.o)
    0x08000130   0x08000130   0x00000004   Code   RO         3838    .ARM.Collect$$$$00000001  mc_w.l(entry2.o)
    0x08000134   0x08000134   0x00000004   Code   RO         3841    .ARM.Collect$$$$00000004  mc_w.l(entry5.o)
    0x08000138   0x08000138   0x00000000   Code   RO         3843    .ARM.Collect$$$$00000008  mc_w.l(entry7b.o)
    0x08000138   0x08000138   0x00000000   Code   RO         3845    .ARM.Collect$$$$0000000A  mc_w.l(entry8b.o)
    0x08000138   0x08000138   0x00000008   Code   RO         3846    .ARM.Collect$$$$0000000B  mc_w.l(entry9a.o)
    0x08000140   0x08000140   0x00000000   Code   RO         3848    .ARM.Collect$$$$0000000D  mc_w.l(entry10a.o)
    0x08000140   0x08000140   0x00000000   Code   RO         3850    .ARM.Collect$$$$0000000F  mc_w.l(entry11a.o)
    0x08000140   0x08000140   0x00000004   Code   RO         3839    .ARM.Collect$$$$00002712  mc_w.l(entry2.o)
    0x08000144   0x08000144   0x00000024   Code   RO            4    .text               startup_stm32f103xe.o
    0x08000168   0x08000168   0x00000024   Code   RO         3852    .text               mc_w.l(init.o)
    0x0800018c   0x0800018c   0x0000000c   Code   RO          344    i.ADC1_2_IRQHandler  stm32f1xx_it.o
    0x08000198   0x08000198   0x0000004a   Code   RO         3656    i.ADC_ConversionStop_Disable  stm32f1xx_hal_adc.o
    0x080001e2   0x080001e2   0x0000004e   Code   RO         3657    i.ADC_DMAConvCplt   stm32f1xx_hal_adc.o
    0x08000230   0x08000230   0x0000001a   Code   RO         3658    i.ADC_DMAError      stm32f1xx_hal_adc.o
    0x0800024a   0x0800024a   0x0000000a   Code   RO         3659    i.ADC_DMAHalfConvCplt  stm32f1xx_hal_adc.o
    0x08000254   0x08000254   0x00000070   Code   RO         3660    i.ADC_Enable        stm32f1xx_hal_adc.o
    0x080002c4   0x080002c4   0x00000002   Code   RO          345    i.BusFault_Handler  stm32f1xx_it.o
    0x080002c6   0x080002c6   0x00000002   PAD
    0x080002c8   0x080002c8   0x00000080   Code   RO          547    i.CheckLightAndTemperture  main.o
    0x08000348   0x08000348   0x0000000c   Code   RO          346    i.DMA1_Channel1_IRQHandler  stm32f1xx_it.o
    0x08000354   0x08000354   0x0000000c   Code   RO          347    i.DMA1_Channel3_IRQHandler  stm32f1xx_it.o
    0x08000360   0x08000360   0x0000000c   Code   RO          348    i.DMA1_Channel5_IRQHandler  stm32f1xx_it.o
    0x0800036c   0x0800036c   0x0000000c   Code   RO          349    i.DMA1_Channel6_IRQHandler  stm32f1xx_it.o
    0x08000378   0x08000378   0x0000002a   Code   RO         3065    i.DMA_SetConfig     stm32f1xx_hal_dma.o
    0x080003a2   0x080003a2   0x00000002   PAD
    0x080003a4   0x080003a4   0x00000010   Code   RO          782    i.DS_ATMOSPHERELED1_OFF  ds_led.o
    0x080003b4   0x080003b4   0x00000010   Code   RO          783    i.DS_ATMOSPHERELED1_ON  ds_led.o
    0x080003c4   0x080003c4   0x00000010   Code   RO          784    i.DS_ATMOSPHERELED1_TOGGLE  ds_led.o
    0x080003d4   0x080003d4   0x00000010   Code   RO          787    i.DS_ATMOSPHERELED2_TOGGLE  ds_led.o
    0x080003e4   0x080003e4   0x00000010   Code   RO          788    i.DS_COMMUNICATIONLED_OFF  ds_led.o
    0x080003f4   0x080003f4   0x00000010   Code   RO          790    i.DS_COMMUNICATIONLED_TORGGLE  ds_led.o
    0x08000404   0x08000404   0x00000028   Code   RO          635    i.DS_CoreBoardProtocolInit  ds_datatransmissionlayer.o
    0x0800042c   0x0800042c   0x00000048   Code   RO          636    i.DS_CoreBoardUsartReceive_IDLE  ds_datatransmissionlayer.o
    0x08000474   0x08000474   0x00000010   Code   RO          791    i.DS_FAN_OUT_OFF    ds_led.o
    0x08000484   0x08000484   0x00000010   Code   RO          792    i.DS_FAN_OUT_ON     ds_led.o
    0x08000494   0x08000494   0x000000a8   Code   RO          713    i.DS_GentleSensorCheck  ds_gentlesensor.o
    0x0800053c   0x0800053c   0x00000010   Code   RO          714    i.DS_GentleSensorInit  ds_gentlesensor.o
    0x0800054c   0x0800054c   0x000001a8   Code   RO          978    i.DS_HandingCoreBoardRequest  ds_protocollayer.o
    0x080006f4   0x080006f4   0x000000e8   Code   RO          979    i.DS_HandingLeftDoorBoardRequest  ds_protocollayer.o
    0x080007dc   0x080007dc   0x000000c8   Code   RO          980    i.DS_HandingRightDoorBoardRequest  ds_protocollayer.o
    0x080008a4   0x080008a4   0x000001b0   Code   RO          981    i.DS_HandingUartData  ds_protocollayer.o
    0x08000a54   0x08000a54   0x00000018   Code   RO          982    i.DS_HandingUartDataFromCoreBoard  ds_protocollayer.o
    0x08000a6c   0x08000a6c   0x00000018   Code   RO          983    i.DS_HandingUartDataFromLeftDoorBoard  ds_protocollayer.o
    0x08000a84   0x08000a84   0x00000018   Code   RO          984    i.DS_HandingUartDataFromRightDoorBoard  ds_protocollayer.o
    0x08000a9c   0x08000a9c   0x0000002c   Code   RO          793    i.DS_LEDS_TEST      ds_led.o
    0x08000ac8   0x08000ac8   0x00000002   Code   RO          794    i.DS_LED_Init       ds_led.o
    0x08000aca   0x08000aca   0x00000002   PAD
    0x08000acc   0x08000acc   0x00000038   Code   RO          637    i.DS_LeftDoorBoardProtocolInit  ds_datatransmissionlayer.o
    0x08000b04   0x08000b04   0x00000048   Code   RO          638    i.DS_LeftDoorBoardUsartReceive_IDLE  ds_datatransmissionlayer.o
    0x08000b4c   0x08000b4c   0x00000074   Code   RO          892    i.DS_ReportLogInfo  ds_log.o
    0x08000bc0   0x08000bc0   0x00000038   Code   RO          639    i.DS_RightDoorBoardProtocolInit  ds_datatransmissionlayer.o
    0x08000bf8   0x08000bf8   0x00000048   Code   RO          640    i.DS_RightDoorBoardUsartReceive_IDLE  ds_datatransmissionlayer.o
    0x08000c40   0x08000c40   0x000000b4   Code   RO          985    i.DS_SendAckData    ds_protocollayer.o
    0x08000cf4   0x08000cf4   0x0000001c   Code   RO          641    i.DS_SendDataToCoreBoard  ds_datatransmissionlayer.o
    0x08000d10   0x08000d10   0x0000003c   Code   RO          642    i.DS_SendDataToLeftDoorBoard  ds_datatransmissionlayer.o
    0x08000d4c   0x08000d4c   0x0000003c   Code   RO          643    i.DS_SendDataToRightDoorBoard  ds_datatransmissionlayer.o
    0x08000d88   0x08000d88   0x0000002c   Code   RO          748    i.DS_SetLedPwmValue  ds_filllight.o
    0x08000db4   0x08000db4   0x0000000c   Code   RO          896    i.DS_UpFanStatusInfoLog  ds_log.o
    0x08000dc0   0x08000dc0   0x0000000c   Code   RO          897    i.DS_UpFlashLightInfoLog  ds_log.o
    0x08000dcc   0x08000dcc   0x00000010   Code   RO          898    i.DS_UpLightInfoLog  ds_log.o
    0x08000ddc   0x08000ddc   0x00000010   Code   RO          899    i.DS_UpTemInfoLog   ds_log.o
    0x08000dec   0x08000dec   0x0000000c   Code   RO          900    i.DS_UpgentleStatusInfoLog  ds_log.o
    0x08000df8   0x08000df8   0x00000002   Code   RO          350    i.DebugMon_Handler  stm32f1xx_it.o
    0x08000dfa   0x08000dfa   0x00000002   PAD
    0x08000dfc   0x08000dfc   0x0000001c   Code   RO          986    i.GetAvailableTableID  ds_protocollayer.o
    0x08000e18   0x08000e18   0x00000002   Code   RO         3445    i.HAL_ADCEx_InjectedConvCpltCallback  stm32f1xx_hal_adc_ex.o
    0x08000e1a   0x08000e1a   0x00000002   PAD
    0x08000e1c   0x08000e1c   0x000000fc   Code   RO         3662    i.HAL_ADC_ConfigChannel  stm32f1xx_hal_adc.o
    0x08000f18   0x08000f18   0x00000002   Code   RO         3663    i.HAL_ADC_ConvCpltCallback  stm32f1xx_hal_adc.o
    0x08000f1a   0x08000f1a   0x00000002   Code   RO         3664    i.HAL_ADC_ConvHalfCpltCallback  stm32f1xx_hal_adc.o
    0x08000f1c   0x08000f1c   0x00000002   Code   RO         3666    i.HAL_ADC_ErrorCallback  stm32f1xx_hal_adc.o
    0x08000f1e   0x08000f1e   0x000000e6   Code   RO         3670    i.HAL_ADC_IRQHandler  stm32f1xx_hal_adc.o
    0x08001004   0x08001004   0x00000120   Code   RO         3671    i.HAL_ADC_Init      stm32f1xx_hal_adc.o
    0x08001124   0x08001124   0x00000002   Code   RO         3672    i.HAL_ADC_LevelOutOfWindowCallback  stm32f1xx_hal_adc.o
    0x08001126   0x08001126   0x00000002   PAD
    0x08001128   0x08001128   0x0000008c   Code   RO          222    i.HAL_ADC_MspInit   adc.o
    0x080011b4   0x080011b4   0x0000010c   Code   RO         3678    i.HAL_ADC_Start_DMA  stm32f1xx_hal_adc.o
    0x080012c0   0x080012c0   0x00000030   Code   RO         3066    i.HAL_DMA_Abort     stm32f1xx_hal_dma.o
    0x080012f0   0x080012f0   0x00000130   Code   RO         3067    i.HAL_DMA_Abort_IT  stm32f1xx_hal_dma.o
    0x08001420   0x08001420   0x00000248   Code   RO         3071    i.HAL_DMA_IRQHandler  stm32f1xx_hal_dma.o
    0x08001668   0x08001668   0x00000084   Code   RO         3072    i.HAL_DMA_Init      stm32f1xx_hal_dma.o
    0x080016ec   0x080016ec   0x00000070   Code   RO         3076    i.HAL_DMA_Start_IT  stm32f1xx_hal_dma.o
    0x0800175c   0x0800175c   0x000001ec   Code   RO         1102    i.HAL_GPIO_Init     stm32f1xx_hal_gpio.o
    0x08001948   0x08001948   0x0000000a   Code   RO         1104    i.HAL_GPIO_ReadPin  stm32f1xx_hal_gpio.o
    0x08001952   0x08001952   0x00000008   Code   RO         1105    i.HAL_GPIO_TogglePin  stm32f1xx_hal_gpio.o
    0x0800195a   0x0800195a   0x0000000a   Code   RO         1106    i.HAL_GPIO_WritePin  stm32f1xx_hal_gpio.o
    0x08001964   0x08001964   0x0000000c   Code   RO         1730    i.HAL_GetTick       stm32f1xx_hal.o
    0x08001970   0x08001970   0x00000010   Code   RO         1734    i.HAL_IncTick       stm32f1xx_hal.o
    0x08001980   0x08001980   0x00000024   Code   RO         1735    i.HAL_Init          stm32f1xx_hal.o
    0x080019a4   0x080019a4   0x00000040   Code   RO         1736    i.HAL_InitTick      stm32f1xx_hal.o
    0x080019e4   0x080019e4   0x00000080   Code   RO          523    i.HAL_MspInit       stm32f1xx_hal_msp.o
    0x08001a64   0x08001a64   0x00000016   Code   RO         3541    i.HAL_NVIC_EnableIRQ  stm32f1xx_hal_cortex.o
    0x08001a7a   0x08001a7a   0x00000002   PAD
    0x08001a7c   0x08001a7c   0x00000040   Code   RO         3547    i.HAL_NVIC_SetPriority  stm32f1xx_hal_cortex.o
    0x08001abc   0x08001abc   0x00000024   Code   RO         3548    i.HAL_NVIC_SetPriorityGrouping  stm32f1xx_hal_cortex.o
    0x08001ae0   0x08001ae0   0x000000e8   Code   RO         3324    i.HAL_RCCEx_PeriphCLKConfig  stm32f1xx_hal_rcc_ex.o
    0x08001bc8   0x08001bc8   0x0000014c   Code   RO         3161    i.HAL_RCC_ClockConfig  stm32f1xx_hal_rcc.o
    0x08001d14   0x08001d14   0x0000000c   Code   RO         3166    i.HAL_RCC_GetHCLKFreq  stm32f1xx_hal_rcc.o
    0x08001d20   0x08001d20   0x00000020   Code   RO         3168    i.HAL_RCC_GetPCLK1Freq  stm32f1xx_hal_rcc.o
    0x08001d40   0x08001d40   0x00000020   Code   RO         3169    i.HAL_RCC_GetPCLK2Freq  stm32f1xx_hal_rcc.o
    0x08001d60   0x08001d60   0x0000006c   Code   RO         3170    i.HAL_RCC_GetSysClockFreq  stm32f1xx_hal_rcc.o
    0x08001dcc   0x08001dcc   0x000002f8   Code   RO         3173    i.HAL_RCC_OscConfig  stm32f1xx_hal_rcc.o
    0x080020c4   0x080020c4   0x00000002   Code   RO         2749    i.HAL_SPI_ErrorCallback  stm32f1xx_hal_spi.o
    0x080020c6   0x080020c6   0x00000002   PAD
    0x080020c8   0x080020c8   0x000000c4   Code   RO         2752    i.HAL_SPI_IRQHandler  stm32f1xx_hal_spi.o
    0x0800218c   0x0800218c   0x00000082   Code   RO         3298    i.HAL_SPI_Init      stm32f1xx_hal_spi_ex.o
    0x0800220e   0x0800220e   0x00000002   PAD
    0x08002210   0x08002210   0x00000068   Code   RO           14    i.HAL_SPI_MspInit   spi.o
    0x08002278   0x08002278   0x00000018   Code   RO         3550    i.HAL_SYSTICK_CLKSourceConfig  stm32f1xx_hal_cortex.o
    0x08002290   0x08002290   0x00000002   Code   RO         3551    i.HAL_SYSTICK_Callback  stm32f1xx_hal_cortex.o
    0x08002292   0x08002292   0x00000028   Code   RO         3552    i.HAL_SYSTICK_Config  stm32f1xx_hal_cortex.o
    0x080022ba   0x080022ba   0x00000008   Code   RO         3553    i.HAL_SYSTICK_IRQHandler  stm32f1xx_hal_cortex.o
    0x080022c2   0x080022c2   0x00000002   Code   RO         2509    i.HAL_TIMEx_BreakCallback  stm32f1xx_hal_tim_ex.o
    0x080022c4   0x080022c4   0x00000002   Code   RO         2510    i.HAL_TIMEx_CommutationCallback  stm32f1xx_hal_tim_ex.o
    0x080022c6   0x080022c6   0x00000050   Code   RO         2526    i.HAL_TIMEx_MasterConfigSynchronization  stm32f1xx_hal_tim_ex.o
    0x08002316   0x08002316   0x00000036   Code   RO         1880    i.HAL_TIM_Base_Init  stm32f1xx_hal_tim.o
    0x0800234c   0x0800234c   0x00000040   Code   RO          150    i.HAL_TIM_Base_MspInit  tim.o
    0x0800238c   0x0800238c   0x00000018   Code   RO         1885    i.HAL_TIM_Base_Start_IT  stm32f1xx_hal_tim.o
    0x080023a4   0x080023a4   0x000000f0   Code   RO         1889    i.HAL_TIM_ConfigClockSource  stm32f1xx_hal_tim.o
    0x08002494   0x08002494   0x00000002   Code   RO         1909    i.HAL_TIM_IC_CaptureCallback  stm32f1xx_hal_tim.o
    0x08002496   0x08002496   0x00000166   Code   RO         1922    i.HAL_TIM_IRQHandler  stm32f1xx_hal_tim.o
    0x080025fc   0x080025fc   0x0000003c   Code   RO          151    i.HAL_TIM_MspPostInit  tim.o
    0x08002638   0x08002638   0x00000002   Code   RO         1925    i.HAL_TIM_OC_DelayElapsedCallback  stm32f1xx_hal_tim.o
    0x0800263a   0x0800263a   0x000000d0   Code   RO         1946    i.HAL_TIM_PWM_ConfigChannel  stm32f1xx_hal_tim.o
    0x0800270a   0x0800270a   0x00000036   Code   RO         1949    i.HAL_TIM_PWM_Init  stm32f1xx_hal_tim.o
    0x08002740   0x08002740   0x0000003c   Code   RO          153    i.HAL_TIM_PWM_MspInit  tim.o
    0x0800277c   0x0800277c   0x00000002   Code   RO         1952    i.HAL_TIM_PWM_PulseFinishedCallback  stm32f1xx_hal_tim.o
    0x0800277e   0x0800277e   0x00000002   PAD
    0x08002780   0x08002780   0x00000038   Code   RO         1953    i.HAL_TIM_PWM_Start  stm32f1xx_hal_tim.o
    0x080027b8   0x080027b8   0x000000f0   Code   RO          548    i.HAL_TIM_PeriodElapsedCallback  main.o
    0x080028a8   0x080028a8   0x00000002   Code   RO         1963    i.HAL_TIM_TriggerCallback  stm32f1xx_hal_tim.o
    0x080028aa   0x080028aa   0x00000058   Code   RO         1184    i.HAL_UART_DMAStop  stm32f1xx_hal_uart.o
    0x08002902   0x08002902   0x00000002   Code   RO         1186    i.HAL_UART_ErrorCallback  stm32f1xx_hal_uart.o
    0x08002904   0x08002904   0x00000110   Code   RO         1189    i.HAL_UART_IRQHandler  stm32f1xx_hal_uart.o
    0x08002a14   0x08002a14   0x00000062   Code   RO         1190    i.HAL_UART_Init     stm32f1xx_hal_uart.o
    0x08002a76   0x08002a76   0x00000002   PAD
    0x08002a78   0x08002a78   0x0000016c   Code   RO          267    i.HAL_UART_MspInit  usart.o
    0x08002be4   0x08002be4   0x00000098   Code   RO         1194    i.HAL_UART_Receive_DMA  stm32f1xx_hal_uart.o
    0x08002c7c   0x08002c7c   0x00000002   Code   RO         1196    i.HAL_UART_RxCpltCallback  stm32f1xx_hal_uart.o
    0x08002c7e   0x08002c7e   0x00000002   Code   RO         1197    i.HAL_UART_RxHalfCpltCallback  stm32f1xx_hal_uart.o
    0x08002c80   0x08002c80   0x000000ba   Code   RO         1198    i.HAL_UART_Transmit  stm32f1xx_hal_uart.o
    0x08002d3a   0x08002d3a   0x00000002   Code   RO         1201    i.HAL_UART_TxCpltCallback  stm32f1xx_hal_uart.o
    0x08002d3c   0x08002d3c   0x00000002   Code   RO          351    i.HardFault_Handler  stm32f1xx_it.o
    0x08002d3e   0x08002d3e   0x00000002   PAD
    0x08002d40   0x08002d40   0x00000080   Code   RO          223    i.MX_ADC1_Init      adc.o
    0x08002dc0   0x08002dc0   0x0000001c   Code   RO          320    i.MX_DMA_Init       dma.o
    0x08002ddc   0x08002ddc   0x000000b0   Code   RO          499    i.MX_GPIO_Init      gpio.o
    0x08002e8c   0x08002e8c   0x000000a6   Code   RO          549    i.MX_NVIC_Init      main.o
    0x08002f32   0x08002f32   0x00000002   PAD
    0x08002f34   0x08002f34   0x0000005c   Code   RO           15    i.MX_SPI1_Init      spi.o
    0x08002f90   0x08002f90   0x00000080   Code   RO          154    i.MX_TIM3_Init      tim.o
    0x08003010   0x08003010   0x00000074   Code   RO          155    i.MX_TIM4_Init      tim.o
    0x08003084   0x08003084   0x00000078   Code   RO          156    i.MX_TIM5_Init      tim.o
    0x080030fc   0x080030fc   0x0000004c   Code   RO          268    i.MX_USART1_UART_Init  usart.o
    0x08003148   0x08003148   0x0000004c   Code   RO          269    i.MX_USART2_UART_Init  usart.o
    0x08003194   0x08003194   0x0000004c   Code   RO          270    i.MX_USART3_UART_Init  usart.o
    0x080031e0   0x080031e0   0x00000002   Code   RO          352    i.MemManage_Handler  stm32f1xx_it.o
    0x080031e2   0x080031e2   0x00000002   Code   RO          353    i.NMI_Handler       stm32f1xx_it.o
    0x080031e4   0x080031e4   0x00000020   Code   RO         3554    i.NVIC_SetPriority  stm32f1xx_hal_cortex.o
    0x08003204   0x08003204   0x00000002   Code   RO          354    i.PendSV_Handler    stm32f1xx_it.o
    0x08003206   0x08003206   0x00000002   PAD
    0x08003208   0x08003208   0x0000000c   Code   RO          355    i.SPI1_IRQHandler   stm32f1xx_it.o
    0x08003214   0x08003214   0x00000010   Code   RO         2781    i.SPI_DMAAbortOnError  stm32f1xx_hal_spi.o
    0x08003224   0x08003224   0x00000002   Code   RO          356    i.SVC_Handler       stm32f1xx_it.o
    0x08003226   0x08003226   0x0000000e   Code   RO          357    i.SysTick_Handler   stm32f1xx_it.o
    0x08003234   0x08003234   0x0000007a   Code   RO          550    i.SystemClock_Config  main.o
    0x080032ae   0x080032ae   0x00000002   PAD
    0x080032b0   0x080032b0   0x00000048   Code   RO         1062    i.SystemInit        system_stm32f1xx.o
    0x080032f8   0x080032f8   0x0000000c   Code   RO          358    i.TIM3_IRQHandler   stm32f1xx_it.o
    0x08003304   0x08003304   0x0000000c   Code   RO          359    i.TIM4_IRQHandler   stm32f1xx_it.o
    0x08003310   0x08003310   0x0000000c   Code   RO          360    i.TIM5_IRQHandler   stm32f1xx_it.o
    0x0800331c   0x0800331c   0x0000008c   Code   RO         1964    i.TIM_Base_SetConfig  stm32f1xx_hal_tim.o
    0x080033a8   0x080033a8   0x00000016   Code   RO         1965    i.TIM_CCxChannelCmd  stm32f1xx_hal_tim.o
    0x080033be   0x080033be   0x00000014   Code   RO         1971    i.TIM_ETR_SetConfig  stm32f1xx_hal_tim.o
    0x080033d2   0x080033d2   0x00000010   Code   RO         1972    i.TIM_ITRx_SetConfig  stm32f1xx_hal_tim.o
    0x080033e2   0x080033e2   0x00000002   PAD
    0x080033e4   0x080033e4   0x00000060   Code   RO         1973    i.TIM_OC1_SetConfig  stm32f1xx_hal_tim.o
    0x08003444   0x08003444   0x0000006c   Code   RO         1974    i.TIM_OC2_SetConfig  stm32f1xx_hal_tim.o
    0x080034b0   0x080034b0   0x00000068   Code   RO         1975    i.TIM_OC3_SetConfig  stm32f1xx_hal_tim.o
    0x08003518   0x08003518   0x00000050   Code   RO         1976    i.TIM_OC4_SetConfig  stm32f1xx_hal_tim.o
    0x08003568   0x08003568   0x00000022   Code   RO         1978    i.TIM_TI1_ConfigInputStage  stm32f1xx_hal_tim.o
    0x0800358a   0x0800358a   0x00000024   Code   RO         1980    i.TIM_TI2_ConfigInputStage  stm32f1xx_hal_tim.o
    0x080035ae   0x080035ae   0x00000010   Code   RO         1203    i.UART_DMAAbortOnError  stm32f1xx_hal_uart.o
    0x080035be   0x080035be   0x0000004a   Code   RO         1204    i.UART_DMAError     stm32f1xx_hal_uart.o
    0x08003608   0x08003608   0x0000003c   Code   RO         1205    i.UART_DMAReceiveCplt  stm32f1xx_hal_uart.o
    0x08003644   0x08003644   0x0000000a   Code   RO         1207    i.UART_DMARxHalfCplt  stm32f1xx_hal_uart.o
    0x0800364e   0x0800364e   0x0000001c   Code   RO         1213    i.UART_EndRxTransfer  stm32f1xx_hal_uart.o
    0x0800366a   0x0800366a   0x00000012   Code   RO         1214    i.UART_EndTxTransfer  stm32f1xx_hal_uart.o
    0x0800367c   0x0800367c   0x00000096   Code   RO         1215    i.UART_Receive_IT   stm32f1xx_hal_uart.o
    0x08003712   0x08003712   0x00000002   PAD
    0x08003714   0x08003714   0x00000170   Code   RO         1216    i.UART_SetConfig    stm32f1xx_hal_uart.o
    0x08003884   0x08003884   0x00000062   Code   RO         1217    i.UART_Transmit_IT  stm32f1xx_hal_uart.o
    0x080038e6   0x080038e6   0x00000062   Code   RO         1218    i.UART_WaitOnFlagUntilTimeout  stm32f1xx_hal_uart.o
    0x08003948   0x08003948   0x00000018   Code   RO          361    i.USART1_IRQHandler  stm32f1xx_it.o
    0x08003960   0x08003960   0x00000018   Code   RO          362    i.USART2_IRQHandler  stm32f1xx_it.o
    0x08003978   0x08003978   0x00000018   Code   RO          363    i.USART3_IRQHandler  stm32f1xx_it.o
    0x08003990   0x08003990   0x00000002   Code   RO          364    i.UsageFault_Handler  stm32f1xx_it.o
    0x08003992   0x08003992   0x00000002   Code   RO          551    i._Error_Handler    main.o
    0x08003994   0x08003994   0x0000000e   Code   RO         3856    i.__scatterload_copy  mc_w.l(handlers.o)
    0x080039a2   0x080039a2   0x00000002   Code   RO         3857    i.__scatterload_null  mc_w.l(handlers.o)
    0x080039a4   0x080039a4   0x0000000e   Code   RO         3858    i.__scatterload_zeroinit  mc_w.l(handlers.o)
    0x080039b2   0x080039b2   0x00000018   Code   RO          987    i.getXORCode        ds_protocollayer.o
    0x080039ca   0x080039ca   0x00000002   PAD
    0x080039cc   0x080039cc   0x000000e4   Code   RO          552    i.main              main.o
    0x08003ab0   0x08003ab0   0x00000010   Data   RO         1063    .constdata          system_stm32f1xx.o
    0x08003ac0   0x08003ac0   0x00000008   Data   RO         1064    .constdata          system_stm32f1xx.o
    0x08003ac8   0x08003ac8   0x00000020   Data   RO         3854    Region$$Table       anon$$obj.o


    Execution Region RW_IRAM1 (Exec base: 0x20000000, Load base: 0x08003ae8, Size: 0x00001498, Max: 0x0000c000, ABSOLUTE)

    Exec Addr    Load Addr    Size         Type   Attr      Idx    E Section Name        Object

    0x20000000   0x08003ae8   0x0000001c   Data   RW          554    .data               main.o
    0x2000001c   0x08003b04   0x00000001   Data   RW          555    .data               main.o
    0x2000001d   0x08003b05   0x00000001   Data   RW          715    .data               ds_gentlesensor.o
    0x2000001e   0x08003b06   0x0000000b   Data   RW          989    .data               ds_protocollayer.o
    0x20000029   0x08003b11   0x00000003   PAD
    0x2000002c   0x08003b14   0x00000004   Data   RW         1065    .data               system_stm32f1xx.o
    0x20000030   0x08003b18   0x0000000c   Data   RW         1742    .data               stm32f1xx_hal.o
    0x2000003c        -       0x00000058   Zero   RW           16    .bss                spi.o
    0x20000094        -       0x000000c0   Zero   RW          157    .bss                tim.o
    0x20000154        -       0x00000074   Zero   RW          224    .bss                adc.o
    0x200001c8        -       0x0000018c   Zero   RW          271    .bss                usart.o
    0x20000354        -       0x00000038   Zero   RW          553    .bss                main.o
    0x2000038c        -       0x0000060c   Zero   RW          644    .bss                ds_datatransmissionlayer.o
    0x20000998        -       0x0000000a   Zero   RW          902    .bss                ds_log.o
    0x200009a2   0x08003b24   0x00000002   PAD
    0x200009a4        -       0x000006f0   Zero   RW          988    .bss                ds_protocollayer.o
    0x20001094   0x08003b24   0x00000004   PAD
    0x20001098        -       0x00000400   Zero   RW            1    STACK               startup_stm32f103xe.o


==============================================================================

Image component sizes


      Code (inc. data)   RO Data    RW Data    ZI Data      Debug   Object Name

       268         64          0          0        116       1671   adc.o
        28          6          0          0          0        706   dma.o
       516         86          0          0       1548       6911   ds_datatransmissionlayer.o
        44          6          0          0          0        548   ds_filllight.o
       184         30          0          1          0       1341   ds_gentlesensor.o
       174         50          0          0          0       4510   ds_led.o
       184         34          0          0         10       3441   ds_log.o
      1592         74          0         11       1776       8963   ds_protocollayer.o
       176         14          0          0          0        931   gpio.o
       886         54          0         29         56       7176   main.o
       196         40          0          0         88     508813   spi.o
        36          8        304          0       1024        800   startup_stm32f103xe.o
       128         24          0         12          0       3213   stm32f1xx_hal.o
      1346         60          0          0          0       9878   stm32f1xx_hal_adc.o
         2          0          0          0          0       1073   stm32f1xx_hal_adc_ex.o
       228         14          0          0          0      27317   stm32f1xx_hal_cortex.o
      1222         52          0          0          0       5010   stm32f1xx_hal_dma.o
       520         42          0          0          0       4068   stm32f1xx_hal_gpio.o
       128         10          0          0          0        862   stm32f1xx_hal_msp.o
      1276        100          0          0          0       5744   stm32f1xx_hal_rcc.o
       232         12          0          0          0       1432   stm32f1xx_hal_rcc_ex.o
       214          6          0          0          0       2621   stm32f1xx_hal_spi.o
       130          0          0          0          0       1055   stm32f1xx_hal_spi_ex.o
      1658         64          0          0          0      15642   stm32f1xx_hal_tim.o
        84          0          0          0          0       2362   stm32f1xx_hal_tim_ex.o
      1724         24          0          0          0      13463   stm32f1xx_hal_uart.o
       210         72          0          0          0      10054   stm32f1xx_it.o
        72         16         24          4          0       1151   system_stm32f1xx.o
       548        108          0          0        192       3920   tim.o
       592        120          0          0        396       3069   usart.o

    ----------------------------------------------------------------------
     14634       1190        360         60       5212     657745   Object Totals
         0          0         32          0          0          0   (incl. Generated)
        36          0          0          3          6          0   (incl. Padding)

    ----------------------------------------------------------------------

      Code (inc. data)   RO Data    RW Data    ZI Data      Debug   Library Member Name

         0          0          0          0          0          0   entry.o
         0          0          0          0          0          0   entry10a.o
         0          0          0          0          0          0   entry11a.o
         8          4          0          0          0          0   entry2.o
         4          0          0          0          0          0   entry5.o
         0          0          0          0          0          0   entry7b.o
         0          0          0          0          0          0   entry8b.o
         8          4          0          0          0          0   entry9a.o
        30          0          0          0          0          0   handlers.o
        36          8          0          0          0         68   init.o

    ----------------------------------------------------------------------
        86         16          0          0          0         68   Library Totals
         0          0          0          0          0          0   (incl. Padding)

    ----------------------------------------------------------------------

      Code (inc. data)   RO Data    RW Data    ZI Data      Debug   Library Name

        86         16          0          0          0         68   mc_w.l

    ----------------------------------------------------------------------
        86         16          0          0          0         68   Library Totals

    ----------------------------------------------------------------------

==============================================================================


      Code (inc. data)   RO Data    RW Data    ZI Data      Debug   

     14720       1206        360         60       5212     649333   Grand Totals
     14720       1206        360         60       5212     649333   ELF Image Totals
     14720       1206        360         60          0          0   ROM Totals

==============================================================================

    Total RO  Size (Code + RO Data)                15080 (  14.73kB)
    Total RW  Size (RW Data + ZI Data)              5272 (   5.15kB)
    Total ROM Size (Code + RO Data + RW Data)      15140 (  14.79kB)

==============================================================================

